<html>
<body>
<pre>
<h1>µVision Build Log</h1>
<h2>Tool Versions:</h2>
IDE-Version: ¦ÌVision V5.29.0.0
Copyright (C) 2019 ARM Ltd and ARM Germany GmbH. All rights reserved.
License Information: sdfs fsf, agfdsg, LIC=QF82M-XTEWJ-KPBZY-I931F-V9YMJ-KQG6I
 
Tool Versions:
Toolchain:       MDK-ARM Plus  Version: 5.29.0.0
Toolchain Path:  C:\Keil_v5\ARM\ARMCC\Bin
C Compiler:      Armcc.exe V5.06 update 6 (build 750)
Assembler:       Armasm.exe V5.06 update 6 (build 750)
Linker/Locator:  ArmLink.exe V5.06 update 6 (build 750)
Library Manager: ArmAr.exe V5.06 update 6 (build 750)
Hex Converter:   FromElf.exe V5.06 update 6 (build 750)
CPU DLL:         SARMCM3.DLL V5.29.0.0
Dialog DLL:      DCM.DLL V1.17.3.0
Target DLL:      STLink\ST-LINKIII-KEIL_SWO.dll V3.0.7.0
Dialog DLL:      TCM.DLL V1.36.5.0
 
<h2>Project:</h2>
E:\RT-Thread\8_RT-Thread_Message_Queue\MDK-ARM\8_RT-Thread_Message_Queue.uvprojx
Project File Date:  07/29/2020

<h2>Output:</h2>
*** Using Compiler 'V5.06 update 6 (build 750)', folder: 'C:\Keil_v5\ARM\ARMCC\Bin'
Build target '8_RT-Thread_Message_Queue'
compiling board.c...
compiling clock.c...
compiling components.c...
compiling idle.c...
compiling context_rvds.S...
compiling irq.c...
compiling ipc.c...
compiling scheduler.c...
compiling object.c...
../Middlewares/Third_Party/RealThread_RTOS_RT-Thread/src/object.c(262): warning:  #550-D: variable "obj"  was set but never used
          struct rt_object *obj;
../Middlewares/Third_Party/RealThread_RTOS_RT-Thread/src/object.c: 1 warning, 0 errors
compiling mem.c...
compiling timer.c...
compiling thread.c...
compiling app_rt_thread.c...
..\Src\app_rt_thread.c(53): warning:  #940-D: missing return statement at end of non-void function "MX_RT_Thread_Init" 
  }
..\Src\app_rt_thread.c: 1 warning, 0 errors
compiling cpuport.c...
compiling kservice.c...
linking...
Program Size: Code=10488 RO-data=668 RW-data=172 ZI-data=5980  
FromELF: creating hex file...
"8_RT-Thread_Message_Queue\8_RT-Thread_Message_Queue.axf" - 0 Error(s), 2 Warning(s).

<h2>Software Packages used:</h2>

Package Vendor: ARM
                http://www.keil.com/pack/ARM.CMSIS.5.6.0.pack
                ARM.CMSIS.5.6.0
                CMSIS (Cortex Microcontroller Software Interface Standard)
   * Component: CORE Version: 5.3.0

Package Vendor: Keil
                http://www.keil.com/pack/Keil.STM32F1xx_DFP.2.1.0.pack
                Keil.STM32F1xx_DFP.2.1.0
                STMicroelectronics STM32F1 Series Device Support, Drivers and Examples

<h2>Collection of Component include folders:</h2>
  .\RTE\_8_RT-Thread_Message_Queue
  C:\Keil_v5\Arm\Packs\ARM\CMSIS\5.6.0\CMSIS\Core\Include
  C:\Keil_v5\Arm\Packs\Keil\STM32F1xx_DFP\2.1.0\Device\Include

<h2>Collection of Component Files used:</h2>

   * Component: ARM::CMSIS:CORE:5.3.0
Build Time Elapsed:  00:00:04
</pre>
</body>
</html>
