Component: ARM Compiler 5.06 update 6 (build 750) Tool: armlink [4d35ed]

==============================================================================

Section Cross References

    startup_stm32f103xb.o(RESET) refers to startup_stm32f103xb.o(STACK) for __initial_sp
    startup_stm32f103xb.o(RESET) refers to startup_stm32f103xb.o(.text) for Reset_Handler
    startup_stm32f103xb.o(RESET) refers to stm32f1xx_it.o(i.NMI_Handler) for NMI_Handler
    startup_stm32f103xb.o(RESET) refers to context_rvds.o(.text) for HardFault_Handler
    startup_stm32f103xb.o(RESET) refers to stm32f1xx_it.o(i.MemManage_Handler) for MemManage_Handler
    startup_stm32f103xb.o(RESET) refers to stm32f1xx_it.o(i.BusFault_Handler) for BusFault_Handler
    startup_stm32f103xb.o(RESET) refers to stm32f1xx_it.o(i.UsageFault_Handler) for UsageFault_Handler
    startup_stm32f103xb.o(RESET) refers to stm32f1xx_it.o(i.SVC_Handler) for SVC_Handler
    startup_stm32f103xb.o(RESET) refers to stm32f1xx_it.o(i.DebugMon_Handler) for DebugMon_Handler
    startup_stm32f103xb.o(RESET) refers to board.o(i.SysTick_Handler) for SysTick_Handler
    startup_stm32f103xb.o(.text) refers to system_stm32f1xx.o(i.SystemInit) for SystemInit
    startup_stm32f103xb.o(.text) refers to entry.o(.ARM.Collect$$$$00000000) for __main
    main.o(i.SystemClock_Config) refers to memseta.o(.text) for __aeabi_memclr4
    main.o(i.SystemClock_Config) refers to stm32f1xx_hal_rcc.o(i.HAL_RCC_OscConfig) for HAL_RCC_OscConfig
    main.o(i.SystemClock_Config) refers to stm32f1xx_hal_rcc.o(i.HAL_RCC_ClockConfig) for HAL_RCC_ClockConfig
    main.o(i.main) refers to stm32f1xx_hal.o(i.HAL_Init) for HAL_Init
    main.o(i.main) refers to main.o(i.SystemClock_Config) for SystemClock_Config
    main.o(i.main) refers to gpio.o(i.MX_GPIO_Init) for MX_GPIO_Init
    main.o(i.main) refers to usart.o(i.MX_USART1_UART_Init) for MX_USART1_UART_Init
    main.o(i.main) refers to app_rt_thread.o(i.MX_RT_Thread_Init) for MX_RT_Thread_Init
    main.o(i.main) refers to app_rt_thread.o(i.MX_RT_Thread_Process) for MX_RT_Thread_Process
    gpio.o(i.MX_GPIO_Init) refers to stm32f1xx_hal_gpio.o(i.HAL_GPIO_WritePin) for HAL_GPIO_WritePin
    gpio.o(i.MX_GPIO_Init) refers to stm32f1xx_hal_gpio.o(i.HAL_GPIO_Init) for HAL_GPIO_Init
    usart.o(i.HAL_UART_MspDeInit) refers to stm32f1xx_hal_gpio.o(i.HAL_GPIO_DeInit) for HAL_GPIO_DeInit
    usart.o(i.HAL_UART_MspInit) refers to stm32f1xx_hal_gpio.o(i.HAL_GPIO_Init) for HAL_GPIO_Init
    usart.o(i.MX_USART1_UART_Init) refers to stm32f1xx_hal_uart.o(i.HAL_UART_Init) for HAL_UART_Init
    usart.o(i.MX_USART1_UART_Init) refers to main.o(i.Error_Handler) for Error_Handler
    usart.o(i.MX_USART1_UART_Init) refers to usart.o(.bss) for .bss
    usart.o(i.fputc) refers to stm32f1xx_hal_uart.o(i.HAL_UART_Transmit) for HAL_UART_Transmit
    usart.o(i.fputc) refers to usart.o(.bss) for .bss
    app_rt_thread.o(i.MX_RT_Thread_Init) refers to thread.o(i.rt_thread_init) for rt_thread_init
    app_rt_thread.o(i.MX_RT_Thread_Init) refers to thread.o(i.rt_thread_startup) for rt_thread_startup
    app_rt_thread.o(i.MX_RT_Thread_Init) refers to app_rt_thread.o(.bss) for .bss
    app_rt_thread.o(i.MX_RT_Thread_Init) refers to app_rt_thread.o(i.led_task_entry) for led_task_entry
    app_rt_thread.o(i.MX_RT_Thread_Process) refers to printfb.o(i.__0printf$bare) for __2printf
    app_rt_thread.o(i.MX_RT_Thread_Process) refers to thread.o(i.rt_thread_delay) for rt_thread_delay
    app_rt_thread.o(i.led_task_entry) refers to stm32f1xx_hal_gpio.o(i.HAL_GPIO_WritePin) for HAL_GPIO_WritePin
    app_rt_thread.o(i.led_task_entry) refers to thread.o(i.rt_thread_delay) for rt_thread_delay
    stm32f1xx_hal.o(i.HAL_DeInit) refers to stm32f1xx_hal.o(i.HAL_MspDeInit) for HAL_MspDeInit
    stm32f1xx_hal.o(i.HAL_Delay) refers to stm32f1xx_hal.o(i.HAL_GetTick) for HAL_GetTick
    stm32f1xx_hal.o(i.HAL_Delay) refers to stm32f1xx_hal.o(.data) for .data
    stm32f1xx_hal.o(i.HAL_GetTick) refers to stm32f1xx_hal.o(.data) for .data
    stm32f1xx_hal.o(i.HAL_GetTickFreq) refers to stm32f1xx_hal.o(.data) for .data
    stm32f1xx_hal.o(i.HAL_GetTickPrio) refers to stm32f1xx_hal.o(.data) for .data
    stm32f1xx_hal.o(i.HAL_IncTick) refers to stm32f1xx_hal.o(.data) for .data
    stm32f1xx_hal.o(i.HAL_Init) refers to stm32f1xx_hal_cortex.o(i.HAL_NVIC_SetPriorityGrouping) for HAL_NVIC_SetPriorityGrouping
    stm32f1xx_hal.o(i.HAL_Init) refers to stm32f1xx_hal.o(i.HAL_InitTick) for HAL_InitTick
    stm32f1xx_hal.o(i.HAL_Init) refers to stm32f1xx_hal_msp.o(i.HAL_MspInit) for HAL_MspInit
    stm32f1xx_hal.o(i.HAL_InitTick) refers to stm32f1xx_hal_cortex.o(i.HAL_SYSTICK_Config) for HAL_SYSTICK_Config
    stm32f1xx_hal.o(i.HAL_InitTick) refers to stm32f1xx_hal_cortex.o(i.HAL_NVIC_SetPriority) for HAL_NVIC_SetPriority
    stm32f1xx_hal.o(i.HAL_InitTick) refers to stm32f1xx_hal.o(.data) for .data
    stm32f1xx_hal.o(i.HAL_InitTick) refers to system_stm32f1xx.o(.data) for SystemCoreClock
[...]
    ../Middlewares/Third_Party/RealThread_RTOS_RT-Thread/src/timer.c 0x00000000   Number         0  timer.o ABSOLUTE
    ../Src/gpio.c                            0x00000000   Number         0  gpio.o ABSOLUTE
    ../Src/main.c                            0x00000000   Number         0  main.o ABSOLUTE
    ../Src/stm32f1xx_hal_msp.c               0x00000000   Number         0  stm32f1xx_hal_msp.o ABSOLUTE
    ../Src/stm32f1xx_it.c                    0x00000000   Number         0  stm32f1xx_it.o ABSOLUTE
    ../Src/system_stm32f1xx.c                0x00000000   Number         0  system_stm32f1xx.o ABSOLUTE
    ../Src/usart.c                           0x00000000   Number         0  usart.o ABSOLUTE
    ../clib/microlib/division.c              0x00000000   Number         0  uldiv.o ABSOLUTE
    ../clib/microlib/division.c              0x00000000   Number         0  uidiv.o ABSOLUTE
    ../clib/microlib/init/entry.s            0x00000000   Number         0  entry9b.o ABSOLUTE
    ../clib/microlib/init/entry.s            0x00000000   Number         0  entry8a.o ABSOLUTE
    ../clib/microlib/init/entry.s            0x00000000   Number         0  entry9a.o ABSOLUTE
    ../clib/microlib/init/entry.s            0x00000000   Number         0  entry8b.o ABSOLUTE
    ../clib/microlib/init/entry.s            0x00000000   Number         0  entry11b.o ABSOLUTE
    ../clib/microlib/init/entry.s            0x00000000   Number         0  entry11a.o ABSOLUTE
    ../clib/microlib/init/entry.s            0x00000000   Number         0  entry2.o ABSOLUTE
    ../clib/microlib/init/entry.s            0x00000000   Number         0  entry.o ABSOLUTE
    ../clib/microlib/init/entry.s            0x00000000   Number         0  entry10b.o ABSOLUTE
    ../clib/microlib/init/entry.s            0x00000000   Number         0  entry5.o ABSOLUTE
    ../clib/microlib/init/entry.s            0x00000000   Number         0  entry7a.o ABSOLUTE
    ../clib/microlib/init/entry.s            0x00000000   Number         0  entry7b.o ABSOLUTE
    ../clib/microlib/init/entry.s            0x00000000   Number         0  entry10a.o ABSOLUTE
    ../clib/microlib/longlong.c              0x00000000   Number         0  llsshr.o ABSOLUTE
    ../clib/microlib/longlong.c              0x00000000   Number         0  llshl.o ABSOLUTE
    ../clib/microlib/longlong.c              0x00000000   Number         0  llushr.o ABSOLUTE
    ../clib/microlib/printf/printf.c         0x00000000   Number         0  printfa.o ABSOLUTE
    ../clib/microlib/printf/printf.c         0x00000000   Number         0  printf0.o ABSOLUTE
    ../clib/microlib/printf/printf.c         0x00000000   Number         0  printf8.o ABSOLUTE
    ../clib/microlib/printf/printf.c         0x00000000   Number         0  printf7.o ABSOLUTE
    ../clib/microlib/printf/printf.c         0x00000000   Number         0  printf5.o ABSOLUTE
    ../clib/microlib/printf/printf.c         0x00000000   Number         0  printf4.o ABSOLUTE
    ../clib/microlib/printf/printf.c         0x00000000   Number         0  printf3.o ABSOLUTE
    ../clib/microlib/printf/printf.c         0x00000000   Number         0  printf2.o ABSOLUTE
    ../clib/microlib/printf/printf.c         0x00000000   Number         0  printf1.o ABSOLUTE
    ../clib/microlib/printf/printf.c         0x00000000   Number         0  printfb.o ABSOLUTE
    ../clib/microlib/printf/printf.c         0x00000000   Number         0  printf6.o ABSOLUTE
    ../clib/microlib/stdio/streams.c         0x00000000   Number         0  stdout.o ABSOLUTE
    ../clib/microlib/string/memcpy.c         0x00000000   Number         0  memcpya.o ABSOLUTE
    ../clib/microlib/string/memcpy.c         0x00000000   Number         0  memcpyb.o ABSOLUTE
    ../clib/microlib/string/memset.c         0x00000000   Number         0  memseta.o ABSOLUTE
    ../clib/microlib/string/strcat.c         0x00000000   Number         0  strcat.o ABSOLUTE
    ../clib/microlib/string/strcpy.c         0x00000000   Number         0  strcpy.o ABSOLUTE
    ../clib/microlib/string/strlen.c         0x00000000   Number         0  strlen.o ABSOLUTE
    ../clib/microlib/string/strncmp.c        0x00000000   Number         0  strncmp.o ABSOLUTE
    ../clib/microlib/string/strncpy.c        0x00000000   Number         0  strncpy.o ABSOLUTE
    ../clib/microlib/stubs.s                 0x00000000   Number         0  iusefp.o ABSOLUTE
    ../fplib/microlib/fpadd.c                0x00000000   Number         0  dadd.o ABSOLUTE
    ../fplib/microlib/fpdiv.c                0x00000000   Number         0  ddiv.o ABSOLUTE
    ../fplib/microlib/fpepilogue.c           0x00000000   Number         0  depilogue.o ABSOLUTE
    ../fplib/microlib/fpfix.c                0x00000000   Number         0  dfixul.o ABSOLUTE
    ../fplib/microlib/fpmul.c                0x00000000   Number         0  dmul.o ABSOLUTE
    ..\Drivers\STM32F1xx_HAL_Driver\Src\stm32f1xx_hal.c 0x00000000   Number         0  stm32f1xx_hal.o ABSOLUTE
    ..\Drivers\STM32F1xx_HAL_Driver\Src\stm32f1xx_hal_cortex.c 0x00000000   Number         0  stm32f1xx_hal_cortex.o ABSOLUTE
    ..\Drivers\STM32F1xx_HAL_Driver\Src\stm32f1xx_hal_dma.c 0x00000000   Number         0  stm32f1xx_hal_dma.o ABSOLUTE
    ..\Drivers\STM32F1xx_HAL_Driver\Src\stm32f1xx_hal_exti.c 0x00000000   Number         0  stm32f1xx_hal_exti.o ABSOLUTE
    ..\Drivers\STM32F1xx_HAL_Driver\Src\stm32f1xx_hal_flash.c 0x00000000   Number         0  stm32f1xx_hal_flash.o ABSOLUTE
    ..\Drivers\STM32F1xx_HAL_Driver\Src\stm32f1xx_hal_flash_ex.c 0x00000000   Number         0  stm32f1xx_hal_flash_ex.o ABSOLUTE
    ..\Drivers\STM32F1xx_HAL_Driver\Src\stm32f1xx_hal_gpio.c 0x00000000   Number         0  stm32f1xx_hal_gpio.o ABSOLUTE
    ..\Drivers\STM32F1xx_HAL_Driver\Src\stm32f1xx_hal_gpio_ex.c 0x00000000   Number         0  stm32f1xx_hal_gpio_ex.o ABSOLUTE
    ..\Drivers\STM32F1xx_HAL_Driver\Src\stm32f1xx_hal_pwr.c 0x00000000   Number         0  stm32f1xx_hal_pwr.o ABSOLUTE
    ..\Drivers\STM32F1xx_HAL_Driver\Src\stm32f1xx_hal_rcc.c 0x00000000   Number         0  stm32f1xx_hal_rcc.o ABSOLUTE
    ..\Drivers\STM32F1xx_HAL_Driver\Src\stm32f1xx_hal_rcc_ex.c 0x00000000   Number         0  stm32f1xx_hal_rcc_ex.o ABSOLUTE
    ..\Drivers\STM32F1xx_HAL_Driver\Src\stm32f1xx_hal_tim.c 0x00000000   Number         0  stm32f1xx_hal_tim.o ABSOLUTE
    ..\Drivers\STM32F1xx_HAL_Driver\Src\stm32f1xx_hal_tim_ex.c 0x00000000   Number         0  stm32f1xx_hal_tim_ex.o ABSOLUTE
    ..\Drivers\STM32F1xx_HAL_Driver\Src\stm32f1xx_hal_uart.c 0x00000000   Number         0  stm32f1xx_hal_uart.o ABSOLUTE
    ..\Src\app_rt_thread.c                   0x00000000   Number         0  app_rt_thread.o ABSOLUTE
    ..\Src\gpio.c                            0x00000000   Number         0  gpio.o ABSOLUTE
    ..\Src\main.c                            0x00000000   Number         0  main.o ABSOLUTE
    ..\Src\stm32f1xx_hal_msp.c               0x00000000   Number         0  stm32f1xx_hal_msp.o ABSOLUTE
    ..\Src\stm32f1xx_it.c                    0x00000000   Number         0  stm32f1xx_it.o ABSOLUTE
    ..\Src\system_stm32f1xx.c                0x00000000   Number         0  system_stm32f1xx.o ABSOLUTE
    ..\Src\usart.c                           0x00000000   Number         0  usart.o ABSOLUTE
    ..\\Src\\app_rt_thread.c                 0x00000000   Number         0  app_rt_thread.o ABSOLUTE
    cdrcmple.s                               0x00000000   Number         0  cdrcmple.o ABSOLUTE
    dc.s                                     0x00000000   Number         0  dc.o ABSOLUTE
    handlers.s                               0x00000000   Number         0  handlers.o ABSOLUTE
    init.s                                   0x00000000   Number         0  init.o ABSOLUTE
    startup_stm32f103xb.s                    0x00000000   Number         0  startup_stm32f103xb.o ABSOLUTE
    RESET                                    0x08000000   Section      236  startup_stm32f103xb.o(RESET)
    .ARM.Collect$$$$00000000                 0x080000ec   Section        0  entry.o(.ARM.Collect$$$$00000000)
    .ARM.Collect$$$$00000001                 0x080000ec   Section        4  entry2.o(.ARM.Collect$$$$00000001)
    .ARM.Collect$$$$00000004                 0x080000f0   Section        4  entry5.o(.ARM.Collect$$$$00000004)
    .ARM.Collect$$$$00000008                 0x080000f4   Section        0  entry7b.o(.ARM.Collect$$$$00000008)
    .ARM.Collect$$$$0000000A                 0x080000f4   Section        0  entry8b.o(.ARM.Collect$$$$0000000A)
    .ARM.Collect$$$$0000000B                 0x080000f4   Section        8  entry9a.o(.ARM.Collect$$$$0000000B)
    .ARM.Collect$$$$0000000D                 0x080000fc   Section        0  entry10a.o(.ARM.Collect$$$$0000000D)
    .ARM.Collect$$$$0000000F                 0x080000fc   Section        0  entry11a.o(.ARM.Collect$$$$0000000F)
    .ARM.Collect$$$$00002712                 0x080000fc   Section        4  entry2.o(.ARM.Collect$$$$00002712)
    __lit__00000000                          0x080000fc   Data           4  entry2.o(.ARM.Collect$$$$00002712)
    .text                                    0x08000100   Section       36  startup_stm32f103xb.o(.text)
    .text                                    0x08000124   Section      244  context_rvds.o(.text)
    .text                                    0x08000218   Section        0  memcpya.o(.text)
    .text                                    0x0800023c   Section        0  memseta.o(.text)
    .text                                    0x08000260   Section        0  strcat.o(.text)
    .text                                    0x08000278   Section        0  strncpy.o(.text)
    .text                                    0x08000290   Section        0  strcpy.o(.text)
    .text                                    0x080002a2   Section        0  strncmp.o(.text)
    .text                                    0x080002c0   Section       36  init.o(.text)
    i.$Sub$$main                             0x080002e4   Section        0  components.o(i.$Sub$$main)
    i.BusFault_Handler                       0x080002ee   Section        0  stm32f1xx_it.o(i.BusFault_Handler)
    i.DebugMon_Handler                       0x080002f0   Section        0  stm32f1xx_it.o(i.DebugMon_Handler)
    i.Error_Handler                          0x080002f2   Section        0  main.o(i.Error_Handler)
    i.HAL_GPIO_Init                          0x080002f4   Section        0  stm32f1xx_hal_gpio.o(i.HAL_GPIO_Init)
    i.HAL_GPIO_WritePin                      0x080004d4   Section        0  stm32f1xx_hal_gpio.o(i.HAL_GPIO_WritePin)
    i.HAL_GetTick                            0x080004e0   Section        0  stm32f1xx_hal.o(i.HAL_GetTick)
    i.HAL_Init                               0x080004ec   Section        0  stm32f1xx_hal.o(i.HAL_Init)
    i.HAL_InitTick                           0x08000510   Section        0  stm32f1xx_hal.o(i.HAL_InitTick)
    i.HAL_MspInit                            0x08000550   Section        0  stm32f1xx_hal_msp.o(i.HAL_MspInit)
    i.HAL_NVIC_SetPriority                   0x0800058c   Section        0  stm32f1xx_hal_cortex.o(i.HAL_NVIC_SetPriority)
    i.HAL_NVIC_SetPriorityGrouping           0x080005cc   Section        0  stm32f1xx_hal_cortex.o(i.HAL_NVIC_SetPriorityGrouping)
    i.HAL_RCC_ClockConfig                    0x080005f0   Section        0  stm32f1xx_hal_rcc.o(i.HAL_RCC_ClockConfig)
    i.HAL_RCC_GetPCLK1Freq                   0x0800071c   Section        0  stm32f1xx_hal_rcc.o(i.HAL_RCC_GetPCLK1Freq)
    i.HAL_RCC_GetPCLK2Freq                   0x0800073c   Section        0  stm32f1xx_hal_rcc.o(i.HAL_RCC_GetPCLK2Freq)
    i.HAL_RCC_GetSysClockFreq                0x0800075c   Section        0  stm32f1xx_hal_rcc.o(i.HAL_RCC_GetSysClockFreq)
    i.HAL_RCC_OscConfig                      0x080007c8   Section        0  stm32f1xx_hal_rcc.o(i.HAL_RCC_OscConfig)
    i.HAL_SYSTICK_Config                     0x08000ae8   Section        0  stm32f1xx_hal_cortex.o(i.HAL_SYSTICK_Config)
    i.HAL_UART_Init                          0x08000b10   Section        0  stm32f1xx_hal_uart.o(i.HAL_UART_Init)
    i.HAL_UART_MspInit                       0x08000b74   Section        0  usart.o(i.HAL_UART_MspInit)
    i.HAL_UART_Transmit                      0x08000be4   Section        0  stm32f1xx_hal_uart.o(i.HAL_UART_Transmit)
    i.MX_GPIO_Init                           0x08000ca0   Section        0  gpio.o(i.MX_GPIO_Init)
    i.MX_RT_Thread_Init                      0x08000d10   Section        0  app_rt_thread.o(i.MX_RT_Thread_Init)
    i.MX_RT_Thread_Process                   0x08000d44   Section        0  app_rt_thread.o(i.MX_RT_Thread_Process)
    i.MX_USART1_UART_Init                    0x08000d74   Section        0  usart.o(i.MX_USART1_UART_Init)
    i.MemManage_Handler                      0x08000dac   Section        0  stm32f1xx_it.o(i.MemManage_Handler)
    i.NMI_Handler                            0x08000dae   Section        0  stm32f1xx_it.o(i.NMI_Handler)
    i.SVC_Handler                            0x08000db0   Section        0  stm32f1xx_it.o(i.SVC_Handler)
    i.SysTick_Handler                        0x08000db2   Section        0  board.o(i.SysTick_Handler)
    i.SystemClock_Config                     0x08000dc4   Section        0  main.o(i.SystemClock_Config)
    i.SystemCoreClockUpdate                  0x08000e14   Section        0  system_stm32f1xx.o(i.SystemCoreClockUpdate)
    i.SystemInit                             0x08000e7c   Section        0  system_stm32f1xx.o(i.SystemInit)
    i.UART_SetConfig                         0x08000ec4   Section        0  stm32f1xx_hal_uart.o(i.UART_SetConfig)
    UART_SetConfig                           0x08000ec5   Thumb Code   178  stm32f1xx_hal_uart.o(i.UART_SetConfig)
    i.UART_WaitOnFlagUntilTimeout            0x08000f7c   Section        0  stm32f1xx_hal_uart.o(i.UART_WaitOnFlagUntilTimeout)
    UART_WaitOnFlagUntilTimeout              0x08000f7d   Thumb Code   100  stm32f1xx_hal_uart.o(i.UART_WaitOnFlagUntilTimeout)
    i.UsageFault_Handler                     0x08000fe0   Section        0  stm32f1xx_it.o(i.UsageFault_Handler)
    i.__0printf$bare                         0x08000fe4   Section        0  printfb.o(i.__0printf$bare)
    i.__NVIC_SetPriority                     0x08000ff4   Section        0  stm32f1xx_hal_cortex.o(i.__NVIC_SetPriority)
    __NVIC_SetPriority                       0x08000ff5   Thumb Code    32  stm32f1xx_hal_cortex.o(i.__NVIC_SetPriority)
    i.__rt_ffs                               0x08001014   Section        0  kservice.o(i.__rt_ffs)
    i.__scatterload_copy                     0x08001058   Section       14  handlers.o(i.__scatterload_copy)
    i.__scatterload_null                     0x08001066   Section        2  handlers.o(i.__scatterload_null)
    i.__scatterload_zeroinit                 0x08001068   Section       14  handlers.o(i.__scatterload_zeroinit)
    i._has_defunct_thread                    0x08001078   Section        0  idle.o(i._has_defunct_thread)
    _has_defunct_thread                      0x08001079   Thumb Code    16  idle.o(i._has_defunct_thread)
    i._printf_core                           0x0800108c   Section        0  printfb.o(i._printf_core)
    _printf_core                             0x0800108d   Thumb Code    34  printfb.o(i._printf_core)
    i._rt_thread_init                        0x080010b0   Section        0  thread.o(i._rt_thread_init)
    _rt_thread_init                          0x080010b1   Thumb Code   118  thread.o(i._rt_thread_init)
    i._rt_timer_init                         0x08001130   Section        0  timer.o(i._rt_timer_init)
    _rt_timer_init                           0x08001131   Thumb Code    28  timer.o(i._rt_timer_init)
    i._rt_timer_remove                       0x0800114c   Section        0  timer.o(i._rt_timer_remove)
    _rt_timer_remove                         0x0800114d   Thumb Code    18  timer.o(i._rt_timer_remove)
    i.bus_fault_track                        0x08001160   Section        0  cpuport.o(i.bus_fault_track)
    bus_fault_track                          0x08001161   Thumb Code   110  cpuport.o(i.bus_fault_track)
    i.cmd_free                               0x08001248   Section        0  msh.o(i.cmd_free)
    i.cmd_ps                                 0x08001252   Section        0  msh.o(i.cmd_ps)
    i.finsh_get_prompt                       0x0800125c   Section        0  shell.o(i.finsh_get_prompt)
    i.finsh_set_prompt_mode                  0x080012bc   Section        0  shell.o(i.finsh_set_prompt_mode)
    i.finsh_system_function_init             0x080012d0   Section        0  shell.o(i.finsh_system_function_init)
    i.finsh_system_init                      0x080012dc   Section        0  shell.o(i.finsh_system_init)
    i.finsh_thread_entry                     0x08001370   Section        0  shell.o(i.finsh_thread_entry)
    i.fputc                                  0x080013a4   Section        0  usart.o(i.fputc)
    i.hard_fault_track                       0x080013bc   Section        0  cpuport.o(i.hard_fault_track)
    hard_fault_track                         0x080013bd   Thumb Code    76  cpuport.o(i.hard_fault_track)
    i.hello                                  0x08001434   Section        0  cmd.o(i.hello)
    i.led_task_entry                         0x08001454   Section        0  app_rt_thread.o(i.led_task_entry)
    i.list                                   0x08001484   Section        0  cmd.o(i.list)
    i.list_find_init                         0x080014d8   Section        0  cmd.o(i.list_find_init)
    list_find_init                           0x080014d9   Thumb Code    36  cmd.o(i.list_find_init)
    i.list_get_next                          0x080014fc   Section        0  cmd.o(i.list_get_next)
    list_get_next                            0x080014fd   Thumb Code   102  cmd.o(i.list_get_next)
    i.list_mem                               0x08001564   Section        0  mem.o(i.list_mem)
    i.list_sem                               0x080015d0   Section        0  cmd.o(i.list_sem)
    i.list_thread                            0x08001710   Section        0  cmd.o(i.list_thread)
    i.list_timer                             0x080018c8   Section        0  cmd.o(i.list_timer)
    i.main                                   0x08001a08   Section        0  main.o(i.main)
    i.main_thread_entry                      0x08001a22   Section        0  components.o(i.main_thread_entry)
    i.mem_manage_fault_track                 0x08001a30   Section        0  cpuport.o(i.mem_manage_fault_track)
    mem_manage_fault_track                   0x08001a31   Thumb Code    98  cpuport.o(i.mem_manage_fault_track)
    i.msh_help                               0x08001b08   Section        0  msh.o(i.msh_help)
    i.msh_is_used                            0x08001b74   Section        0  msh.o(i.msh_is_used)
    i.object_split                           0x08001b78   Section        0  cmd.o(i.object_split)
    object_split                             0x08001b79   Thumb Code    18  cmd.o(i.object_split)
    i.plug_holes                             0x08001b90   Section        0  mem.o(i.plug_holes)
    plug_holes                               0x08001b91   Thumb Code    80  mem.o(i.plug_holes)
    i.print_number                           0x08001be4   Section        0  kservice.o(i.print_number)
    print_number                             0x08001be5   Thumb Code   300  kservice.o(i.print_number)
    i.rt_application_init                    0x08001d14   Section        0  components.o(i.rt_application_init)
    i.rt_calloc                              0x08001d40   Section        0  mem.o(i.rt_calloc)
    i.rt_components_board_init               0x08001d5c   Section        0  components.o(i.rt_components_board_init)
    i.rt_components_init                     0x08001d78   Section        0  components.o(i.rt_components_init)
    i.rt_enter_critical                      0x08001d94   Section        0  scheduler.o(i.rt_enter_critical)
    i.rt_exit_critical                       0x08001db0   Section        0  scheduler.o(i.rt_exit_critical)
    i.rt_free                                0x08001de8   Section        0  mem.o(i.rt_free)
    i.rt_heap_begin_get                      0x08001eac   Section        0  board.o(i.rt_heap_begin_get)
    i.rt_heap_end_get                        0x08001eb4   Section        0  board.o(i.rt_heap_end_get)
    i.rt_hw_board_init                       0x08001ebc   Section        0  board.o(i.rt_hw_board_init)
    i.rt_hw_console_output                   0x08001f0c   Section        0  kservice.o(i.rt_hw_console_output)
    i.rt_hw_hard_fault_exception             0x08001f10   Section        0  cpuport.o(i.rt_hw_hard_fault_exception)
    i.rt_hw_stack_init                       0x0800210c   Section        0  cpuport.o(i.rt_hw_stack_init)
    i.rt_interrupt_enter                     0x08002144   Section        0  irq.o(i.rt_interrupt_enter)
    i.rt_interrupt_leave                     0x08002160   Section        0  irq.o(i.rt_interrupt_leave)
    i.rt_kprintf                             0x0800217c   Section        0  kservice.o(i.rt_kprintf)
    i.rt_list_insert_after                   0x0800219c   Section        0  object.o(i.rt_list_insert_after)
    rt_list_insert_after                     0x0800219d   Thumb Code    14  object.o(i.rt_list_insert_after)
    i.rt_list_insert_after                   0x080021aa   Section        0  thread.o(i.rt_list_insert_after)
    rt_list_insert_after                     0x080021ab   Thumb Code    14  thread.o(i.rt_list_insert_after)
    i.rt_list_insert_after                   0x080021b8   Section        0  timer.o(i.rt_list_insert_after)
    rt_list_insert_after                     0x080021b9   Thumb Code    14  timer.o(i.rt_list_insert_after)
    i.rt_list_insert_before                  0x080021c6   Section        0  ipc.o(i.rt_list_insert_before)
    rt_list_insert_before                    0x080021c7   Thumb Code    14  ipc.o(i.rt_list_insert_before)
    i.rt_list_len                            0x080021d4   Section        0  cmd.o(i.rt_list_len)
    rt_list_len                              0x080021d5   Thumb Code    18  cmd.o(i.rt_list_len)
    i.rt_list_remove                         0x080021e6   Section        0  object.o(i.rt_list_remove)
    rt_list_remove                           0x080021e7   Thumb Code    18  object.o(i.rt_list_remove)
    i.rt_list_remove                         0x080021f8   Section        0  thread.o(i.rt_list_remove)
    rt_list_remove                           0x080021f9   Thumb Code    18  thread.o(i.rt_list_remove)
    i.rt_malloc                              0x0800220c   Section        0  mem.o(i.rt_malloc)
    i.rt_memset                              0x080022fc   Section        0  kservice.o(i.rt_memset)
    i.rt_object_allocate                     0x08002342   Section        0  object.o(i.rt_object_allocate)
    i.rt_object_delete                       0x08002392   Section        0  object.o(i.rt_object_delete)
    i.rt_object_detach                       0x080023b8   Section        0  object.o(i.rt_object_detach)
    i.rt_object_get_information              0x080023d8   Section        0  object.o(i.rt_object_get_information)
    i.rt_object_init                         0x080023fc   Section        0  object.o(i.rt_object_init)
    i.rt_object_is_systemobject              0x0800244c   Section        0  object.o(i.rt_object_is_systemobject)
    i.rt_schedule                            0x0800245c   Section        0  scheduler.o(i.rt_schedule)
    i.rt_schedule_insert_thread              0x080024b4   Section        0  scheduler.o(i.rt_schedule_insert_thread)
    i.rt_schedule_remove_thread              0x08002504   Section        0  scheduler.o(i.rt_schedule_remove_thread)
    i.rt_sem_init                            0x0800254c   Section        0  ipc.o(i.rt_sem_init)
    i.rt_sem_release                         0x08002570   Section        0  ipc.o(i.rt_sem_release)
    i.rt_sem_take                            0x080025a6   Section        0  ipc.o(i.rt_sem_take)
    i.rt_show_version                        0x08002654   Section        0  kservice.o(i.rt_show_version)
    i.rt_strlen                              0x08002704   Section        0  kservice.o(i.rt_strlen)
    i.rt_strncpy                             0x08002714   Section        0  kservice.o(i.rt_strncpy)
    i.rt_system_heap_init                    0x0800273c   Section        0  mem.o(i.rt_system_heap_init)
    i.rt_system_scheduler_init               0x080027e8   Section        0  scheduler.o(i.rt_system_scheduler_init)
    i.rt_system_scheduler_start              0x0800281c   Section        0  scheduler.o(i.rt_system_scheduler_start)
    i.rt_system_timer_init                   0x08002844   Section        0  timer.o(i.rt_system_timer_init)
    i.rt_system_timer_thread_init            0x08002850   Section        0  timer.o(i.rt_system_timer_thread_init)
    i.rt_thread_create                       0x08002852   Section        0  thread.o(i.rt_thread_create)
    i.rt_thread_delay                        0x0800289a   Section        0  thread.o(i.rt_thread_delay)
    i.rt_thread_exit                         0x080028a0   Section        0  thread.o(i.rt_thread_exit)
    i.rt_thread_idle_entry                   0x080028f8   Section        0  idle.o(i.rt_thread_idle_entry)
    rt_thread_idle_entry                     0x080028f9   Thumb Code     6  idle.o(i.rt_thread_idle_entry)
    i.rt_thread_idle_excute                  0x08002900   Section        0  idle.o(i.rt_thread_idle_excute)
    i.rt_thread_idle_init                    0x08002978   Section        0  idle.o(i.rt_thread_idle_init)
    i.rt_thread_init                         0x080029b0   Section        0  thread.o(i.rt_thread_init)
    i.rt_thread_resume                       0x080029e0   Section        0  thread.o(i.rt_thread_resume)
    i.rt_thread_self                         0x08002a1c   Section        0  thread.o(i.rt_thread_self)
    i.rt_thread_sleep                        0x08002a28   Section        0  thread.o(i.rt_thread_sleep)
    i.rt_thread_startup                      0x08002a68   Section        0  thread.o(i.rt_thread_startup)
    i.rt_thread_suspend                      0x08002a94   Section        0  thread.o(i.rt_thread_suspend)
    i.rt_thread_timeout                      0x08002ad6   Section        0  thread.o(i.rt_thread_timeout)
    i.rt_thread_yield                        0x08002af8   Section        0  thread.o(i.rt_thread_yield)
    i.rt_tick_get                            0x08002b58   Section        0  clock.o(i.rt_tick_get)
    i.rt_tick_increase                       0x08002b64   Section        0  clock.o(i.rt_tick_increase)
    i.rt_timer_check                         0x08002b90   Section        0  timer.o(i.rt_timer_check)
    i.rt_timer_control                       0x08002bf8   Section        0  timer.o(i.rt_timer_control)
    i.rt_timer_detach                        0x08002c28   Section        0  timer.o(i.rt_timer_detach)
    i.rt_timer_init                          0x08002c48   Section        0  timer.o(i.rt_timer_init)
    i.rt_timer_start                         0x08002c70   Section        0  timer.o(i.rt_timer_start)
    i.rt_timer_stop                          0x08002cfc   Section        0  timer.o(i.rt_timer_stop)
    i.rt_vsnprintf                           0x08002d2c   Section        0  kservice.o(i.rt_vsnprintf)
    i.rti_board_end                          0x08002fa8   Section        0  components.o(i.rti_board_end)
    rti_board_end                            0x08002fa9   Thumb Code     4  components.o(i.rti_board_end)
    i.rti_board_start                        0x08002fac   Section        0  components.o(i.rti_board_start)
    rti_board_start                          0x08002fad   Thumb Code     4  components.o(i.rti_board_start)
    i.rti_end                                0x08002fb0   Section        0  components.o(i.rti_end)
    rti_end                                  0x08002fb1   Thumb Code     4  components.o(i.rti_end)
    i.rti_start                              0x08002fb4   Section        0  components.o(i.rti_start)
    rti_start                                0x08002fb5   Thumb Code     4  components.o(i.rti_start)
    i.rtthread_startup                       0x08002fb8   Section        0  components.o(i.rtthread_startup)
    i.skip_atoi                              0x08002fe2   Section        0  kservice.o(i.skip_atoi)
    skip_atoi                                0x08002fe3   Thumb Code    40  kservice.o(i.skip_atoi)
    i.usage_fault_track                      0x0800300c   Section        0  cpuport.o(i.usage_fault_track)
    usage_fault_track                        0x0800300d   Thumb Code   100  cpuport.o(i.usage_fault_track)
    i.version                                0x080030dc   Section        0  cmd.o(i.version)
    .constdata                               0x080030e6   Section       16  system_stm32f1xx.o(.constdata)
    .constdata                               0x080030f6   Section        8  system_stm32f1xx.o(.constdata)
    .constdata                               0x080030fe   Section        6  cmd.o(.constdata)
    .constdata                               0x08003104   Section        8  cmd.o(.constdata)
    .constdata                               0x0800310c   Section       14  cmd.o(.constdata)
    .constdata                               0x0800311a   Section       12  cmd.o(.constdata)
    .constdata                               0x08003126   Section       18  cmd.o(.constdata)
    .constdata                               0x08003138   Section        9  cmd.o(.constdata)
    .constdata                               0x08003141   Section       15  cmd.o(.constdata)
    .constdata                               0x08003150   Section       11  cmd.o(.constdata)
    .constdata                               0x0800315b   Section       17  cmd.o(.constdata)
    .constdata                               0x0800316c   Section        5  cmd.o(.constdata)
    .constdata                               0x08003171   Section       11  msh.o(.constdata)
    .constdata                               0x0800317c   Section        9  msh.o(.constdata)
    .constdata                               0x08003185   Section       11  msh.o(.constdata)
    .constdata                               0x08003190   Section      290  kservice.o(.constdata)
    small_digits                             0x08003290   Data          17  kservice.o(.constdata)
    large_digits                             0x080032a1   Data          17  kservice.o(.constdata)
    .constdata                               0x080032b2   Section        9  mem.o(.constdata)
    .conststring                             0x080032bc   Section       68  cmd.o(.conststring)
    .rti_fn.0                                0x08003300   Section        4  components.o(.rti_fn.0)
    __tagsym$$used                           0x08003300   Number         0  components.o(.rti_fn.0)
    .rti_fn.0.end                            0x08003304   Section        4  components.o(.rti_fn.0.end)
    __tagsym$$used                           0x08003304   Number         0  components.o(.rti_fn.0.end)
    .rti_fn.1.end                            0x08003308   Section        4  components.o(.rti_fn.1.end)
    __tagsym$$used                           0x08003308   Number         0  components.o(.rti_fn.1.end)
    .rti_fn.6                                0x0800330c   Section        4  shell.o(.rti_fn.6)
    __tagsym$$used                           0x0800330c   Number         0  shell.o(.rti_fn.6)
    .rti_fn.6.end                            0x08003310   Section        4  components.o(.rti_fn.6.end)
    __tagsym$$used                           0x08003310   Number         0  components.o(.rti_fn.6.end)
    FSymTab                                  0x08003314   Section       80  cmd.o(FSymTab)
    __tagsym$$used                           0x08003314   Number         0  cmd.o(FSymTab)
    __tagsym$$used                           0x0800331c   Number         0  cmd.o(FSymTab)
    __tagsym$$used                           0x08003324   Number         0  cmd.o(FSymTab)
    __tagsym$$used                           0x0800332c   Number         0  cmd.o(FSymTab)
    __tagsym$$used                           0x08003334   Number         0  cmd.o(FSymTab)
    __tagsym$$used                           0x0800333c   Number         0  cmd.o(FSymTab)
    __tagsym$$used                           0x08003344   Number         0  cmd.o(FSymTab)
    __tagsym$$used                           0x0800334c   Number         0  cmd.o(FSymTab)
    __tagsym$$used                           0x08003354   Number         0  cmd.o(FSymTab)
    __tagsym$$used                           0x0800335c   Number         0  cmd.o(FSymTab)
    FSymTab                                  0x08003364   Section       24  msh.o(FSymTab)
    __tagsym$$used                           0x08003364   Number         0  msh.o(FSymTab)
    __tagsym$$used                           0x0800336c   Number         0  msh.o(FSymTab)
    __tagsym$$used                           0x08003374   Number         0  msh.o(FSymTab)
    FSymTab                                  0x0800337c   Section        8  mem.o(FSymTab)
    __tagsym$$used                           0x0800337c   Number         0  mem.o(FSymTab)
    .data                                    0x20000000   Section       12  stm32f1xx_hal.o(.data)
    .data                                    0x2000000c   Section        4  system_stm32f1xx.o(.data)
    .data                                    0x20000010   Section       24  shell.o(.data)
    finsh_prompt_custom                      0x20000020   Data           4  shell.o(.data)
    .data                                    0x20000028   Section        4  clock.o(.data)
    rt_tick                                  0x20000028   Data           4  clock.o(.data)
    .data                                    0x2000002c   Section        1  irq.o(.data)
    .data                                    0x20000030   Section       24  mem.o(.data)
    heap_ptr                                 0x20000030   Data           4  mem.o(.data)
    heap_end                                 0x20000034   Data           4  mem.o(.data)
    lfree                                    0x20000038   Data           4  mem.o(.data)
    mem_size_aligned                         0x2000003c   Data           4  mem.o(.data)
    used_mem                                 0x20000040   Data           4  mem.o(.data)
    max_mem                                  0x20000044   Data           4  mem.o(.data)
    .data                                    0x20000048   Section       48  object.o(.data)
    rt_object_container                      0x20000048   Data          48  object.o(.data)
    .data                                    0x20000078   Section       20  scheduler.o(.data)
    rt_scheduler_lock_nest                   0x2000007a   Data           2  scheduler.o(.data)
    .data                                    0x2000008c   Section       12  timer.o(.data)
    random_nr                                0x2000008c   Data           4  timer.o(.data)
    rt_timer_list                            0x20000090   Data           8  timer.o(.data)
    .data                                    0x20000098   Section        4  cpuport.o(.data)
    rt_exception_hook                        0x20000098   Data           4  cpuport.o(.data)
    .data                                    0x2000009c   Section        4  cpuport.o(.data)
    .data                                    0x200000a0   Section        4  cpuport.o(.data)
    .data                                    0x200000a4   Section        4  cpuport.o(.data)
    .data                                    0x200000a8   Section        4  stdout.o(.data)
    .bss                                     0x200000ac   Section       64  usart.o(.bss)
    .bss                                     0x200000ec   Section      248  app_rt_thread.o(.bss)
    .bss                                     0x200001e4   Section      129  shell.o(.bss)
    finsh_prompt                             0x200001e4   Data         129  shell.o(.bss)
    .bss                                     0x20000268   Section     4096  board.o(.bss)
    rt_heap                                  0x20000268   Data        4096  board.o(.bss)
    .bss                                     0x20001268   Section      376  idle.o(.bss)
    idle                                     0x20001268   Data         120  idle.o(.bss)
    rt_thread_stack                          0x200012e0   Data         256  idle.o(.bss)
    .bss                                     0x200013e0   Section      128  kservice.o(.bss)
    rt_log_buf                               0x200013e0   Data         128  kservice.o(.bss)
    .bss                                     0x20001460   Section       32  mem.o(.bss)
    heap_sem                                 0x20001460   Data          32  mem.o(.bss)
    .bss                                     0x20001480   Section      256  scheduler.o(.bss)
    STACK                                    0x20001580   Section     1024  startup_stm32f103xb.o(STACK)

    Global Symbols

    Symbol Name                              Value     Ov Type        Size  Object(Section)

    BuildAttributes$$THM_ISAv4$P$D$K$B$S$PE$A:L22UL41UL21$X:L11$S22US41US21$IEEE1$IW$USESV6$~STKCKD$USESV7$~SHL$OSPACE$ROPI$EBA8$MICROLIB$REQ8$PRES8$EABIv2 0x00000000   Number         0  anon$$obj.o ABSOLUTE
    __ARM_use_no_argv                        0x00000000   Number         0  main.o ABSOLUTE
    __cpp_initialize__aeabi_                  - Undefined Weak Reference
    __cxa_finalize                            - Undefined Weak Reference
    __decompress                              - Undefined Weak Reference
    _clock_init                               - Undefined Weak Reference
    _microlib_exit                            - Undefined Weak Reference
    __Vectors_Size                           0x000000ec   Number         0  startup_stm32f103xb.o ABSOLUTE
    __Vectors                                0x08000000   Data           4  startup_stm32f103xb.o(RESET)
    __Vectors_End                            0x080000ec   Data           0  startup_stm32f103xb.o(RESET)
    __main                                   0x080000ed   Thumb Code     0  entry.o(.ARM.Collect$$$$00000000)
    _main_stk                                0x080000ed   Thumb Code     0  entry2.o(.ARM.Collect$$$$00000001)
    _main_scatterload                        0x080000f1   Thumb Code     0  entry5.o(.ARM.Collect$$$$00000004)
    __main_after_scatterload                 0x080000f5   Thumb Code     0  entry5.o(.ARM.Collect$$$$00000004)
    _main_clock                              0x080000f5   Thumb Code     0  entry7b.o(.ARM.Collect$$$$00000008)
    _main_cpp_init                           0x080000f5   Thumb Code     0  entry8b.o(.ARM.Collect$$$$0000000A)
    _main_init                               0x080000f5   Thumb Code     0  entry9a.o(.ARM.Collect$$$$0000000B)
    __rt_final_cpp                           0x080000fd   Thumb Code     0  entry10a.o(.ARM.Collect$$$$0000000D)
    __rt_final_exit                          0x080000fd   Thumb Code     0  entry11a.o(.ARM.Collect$$$$0000000F)
    Reset_Handler                            0x08000101   Thumb Code     8  startup_stm32f103xb.o(.text)
    ADC1_2_IRQHandler                        0x0800011b   Thumb Code     0  startup_stm32f103xb.o(.text)
    CAN1_RX1_IRQHandler                      0x0800011b   Thumb Code     0  startup_stm32f103xb.o(.text)
    CAN1_SCE_IRQHandler                      0x0800011b   Thumb Code     0  startup_stm32f103xb.o(.text)
    DMA1_Channel1_IRQHandler                 0x0800011b   Thumb Code     0  startup_stm32f103xb.o(.text)
    DMA1_Channel2_IRQHandler                 0x0800011b   Thumb Code     0  startup_stm32f103xb.o(.text)
    DMA1_Channel3_IRQHandler                 0x0800011b   Thumb Code     0  startup_stm32f103xb.o(.text)
    DMA1_Channel4_IRQHandler                 0x0800011b   Thumb Code     0  startup_stm32f103xb.o(.text)
    DMA1_Channel5_IRQHandler                 0x0800011b   Thumb Code     0  startup_stm32f103xb.o(.text)
    DMA1_Channel6_IRQHandler                 0x0800011b   Thumb Code     0  startup_stm32f103xb.o(.text)
    DMA1_Channel7_IRQHandler                 0x0800011b   Thumb Code     0  startup_stm32f103xb.o(.text)
    EXTI0_IRQHandler                         0x0800011b   Thumb Code     0  startup_stm32f103xb.o(.text)
    EXTI15_10_IRQHandler                     0x0800011b   Thumb Code     0  startup_stm32f103xb.o(.text)
    EXTI1_IRQHandler                         0x0800011b   Thumb Code     0  startup_stm32f103xb.o(.text)
    EXTI2_IRQHandler                         0x0800011b   Thumb Code     0  startup_stm32f103xb.o(.text)
    EXTI3_IRQHandler                         0x0800011b   Thumb Code     0  startup_stm32f103xb.o(.text)
    EXTI4_IRQHandler                         0x0800011b   Thumb Code     0  startup_stm32f103xb.o(.text)
    EXTI9_5_IRQHandler                       0x0800011b   Thumb Code     0  startup_stm32f103xb.o(.text)
    FLASH_IRQHandler                         0x0800011b   Thumb Code     0  startup_stm32f103xb.o(.text)
    I2C1_ER_IRQHandler                       0x0800011b   Thumb Code     0  startup_stm32f103xb.o(.text)
    I2C1_EV_IRQHandler                       0x0800011b   Thumb Code     0  startup_stm32f103xb.o(.text)
    I2C2_ER_IRQHandler                       0x0800011b   Thumb Code     0  startup_stm32f103xb.o(.text)
    I2C2_EV_IRQHandler                       0x0800011b   Thumb Code     0  startup_stm32f103xb.o(.text)
    PVD_IRQHandler                           0x0800011b   Thumb Code     0  startup_stm32f103xb.o(.text)
    RCC_IRQHandler                           0x0800011b   Thumb Code     0  startup_stm32f103xb.o(.text)
    RTC_Alarm_IRQHandler                     0x0800011b   Thumb Code     0  startup_stm32f103xb.o(.text)
    RTC_IRQHandler                           0x0800011b   Thumb Code     0  startup_stm32f103xb.o(.text)
    SPI1_IRQHandler                          0x0800011b   Thumb Code     0  startup_stm32f103xb.o(.text)
    SPI2_IRQHandler                          0x0800011b   Thumb Code     0  startup_stm32f103xb.o(.text)
    TAMPER_IRQHandler                        0x0800011b   Thumb Code     0  startup_stm32f103xb.o(.text)
    TIM1_BRK_IRQHandler                      0x0800011b   Thumb Code     0  startup_stm32f103xb.o(.text)
    TIM1_CC_IRQHandler                       0x0800011b   Thumb Code     0  startup_stm32f103xb.o(.text)
    TIM1_TRG_COM_IRQHandler                  0x0800011b   Thumb Code     0  startup_stm32f103xb.o(.text)
    TIM1_UP_IRQHandler                       0x0800011b   Thumb Code     0  startup_stm32f103xb.o(.text)
    TIM2_IRQHandler                          0x0800011b   Thumb Code     0  startup_stm32f103xb.o(.text)
    TIM3_IRQHandler                          0x0800011b   Thumb Code     0  startup_stm32f103xb.o(.text)
    TIM4_IRQHandler                          0x0800011b   Thumb Code     0  startup_stm32f103xb.o(.text)
    USART1_IRQHandler                        0x0800011b   Thumb Code     0  startup_stm32f103xb.o(.text)
    USART2_IRQHandler                        0x0800011b   Thumb Code     0  startup_stm32f103xb.o(.text)
    USART3_IRQHandler                        0x0800011b   Thumb Code     0  startup_stm32f103xb.o(.text)
    USBWakeUp_IRQHandler                     0x0800011b   Thumb Code     0  startup_stm32f103xb.o(.text)
    USB_HP_CAN1_TX_IRQHandler                0x0800011b   Thumb Code     0  startup_stm32f103xb.o(.text)
    USB_LP_CAN1_RX0_IRQHandler               0x0800011b   Thumb Code     0  startup_stm32f103xb.o(.text)
    WWDG_IRQHandler                          0x0800011b   Thumb Code     0  startup_stm32f103xb.o(.text)
    rt_hw_interrupt_disable                  0x08000125   Thumb Code     8  context_rvds.o(.text)
    rt_hw_interrupt_enable                   0x0800012d   Thumb Code     6  context_rvds.o(.text)
    rt_hw_context_switch                     0x08000133   Thumb Code    32  context_rvds.o(.text)
    rt_hw_context_switch_interrupt           0x08000133   Thumb Code     0  context_rvds.o(.text)
    PendSV_Handler                           0x08000153   Thumb Code    60  context_rvds.o(.text)
    rt_hw_context_switch_to                  0x0800018f   Thumb Code    58  context_rvds.o(.text)
    rt_hw_interrupt_thread_switch            0x080001c9   Thumb Code     2  context_rvds.o(.text)
    HardFault_Handler                        0x080001cb   Thumb Code    52  context_rvds.o(.text)
    __aeabi_memcpy                           0x08000219   Thumb Code    36  memcpya.o(.text)
    __aeabi_memcpy4                          0x08000219   Thumb Code     0  memcpya.o(.text)
    __aeabi_memcpy8                          0x08000219   Thumb Code     0  memcpya.o(.text)
    __aeabi_memset                           0x0800023d   Thumb Code    14  memseta.o(.text)
    __aeabi_memset4                          0x0800023d   Thumb Code     0  memseta.o(.text)
    __aeabi_memset8                          0x0800023d   Thumb Code     0  memseta.o(.text)
    __aeabi_memclr                           0x0800024b   Thumb Code     4  memseta.o(.text)
    __aeabi_memclr4                          0x0800024b   Thumb Code     0  memseta.o(.text)
    __aeabi_memclr8                          0x0800024b   Thumb Code     0  memseta.o(.text)
    _memset$wrapper                          0x0800024f   Thumb Code    18  memseta.o(.text)
    strcat                                   0x08000261   Thumb Code    24  strcat.o(.text)
    strncpy                                  0x08000279   Thumb Code    24  strncpy.o(.text)
    strcpy                                   0x08000291   Thumb Code    18  strcpy.o(.text)
    strncmp                                  0x080002a3   Thumb Code    30  strncmp.o(.text)
    __scatterload                            0x080002c1   Thumb Code    28  init.o(.text)
    __scatterload_rt2                        0x080002c1   Thumb Code     0  init.o(.text)
    main                                     0x080002e5   Thumb Code    10  components.o(i.$Sub$$main)
    BusFault_Handler                         0x080002ef   Thumb Code     2  stm32f1xx_it.o(i.BusFault_Handler)
    DebugMon_Handler                         0x080002f1   Thumb Code     2  stm32f1xx_it.o(i.DebugMon_Handler)
    Error_Handler                            0x080002f3   Thumb Code     2  main.o(i.Error_Handler)
    HAL_GPIO_Init                            0x080002f5   Thumb Code   446  stm32f1xx_hal_gpio.o(i.HAL_GPIO_Init)
    HAL_GPIO_WritePin                        0x080004d5   Thumb Code    10  stm32f1xx_hal_gpio.o(i.HAL_GPIO_WritePin)
    HAL_GetTick                              0x080004e1   Thumb Code     6  stm32f1xx_hal.o(i.HAL_GetTick)
    HAL_Init                                 0x080004ed   Thumb Code    32  stm32f1xx_hal.o(i.HAL_Init)
    HAL_InitTick                             0x08000511   Thumb Code    54  stm32f1xx_hal.o(i.HAL_InitTick)
    HAL_MspInit                              0x08000551   Thumb Code    52  stm32f1xx_hal_msp.o(i.HAL_MspInit)
    HAL_NVIC_SetPriority                     0x0800058d   Thumb Code    60  stm32f1xx_hal_cortex.o(i.HAL_NVIC_SetPriority)
    HAL_NVIC_SetPriorityGrouping             0x080005cd   Thumb Code    26  stm32f1xx_hal_cortex.o(i.HAL_NVIC_SetPriorityGrouping)
    HAL_RCC_ClockConfig                      0x080005f1   Thumb Code   280  stm32f1xx_hal_rcc.o(i.HAL_RCC_ClockConfig)
    HAL_RCC_GetPCLK1Freq                     0x0800071d   Thumb Code    20  stm32f1xx_hal_rcc.o(i.HAL_RCC_GetPCLK1Freq)
    HAL_RCC_GetPCLK2Freq                     0x0800073d   Thumb Code    20  stm32f1xx_hal_rcc.o(i.HAL_RCC_GetPCLK2Freq)
    HAL_RCC_GetSysClockFreq                  0x0800075d   Thumb Code    74  stm32f1xx_hal_rcc.o(i.HAL_RCC_GetSysClockFreq)
    HAL_RCC_OscConfig                        0x080007c9   Thumb Code   778  stm32f1xx_hal_rcc.o(i.HAL_RCC_OscConfig)
    HAL_SYSTICK_Config                       0x08000ae9   Thumb Code    40  stm32f1xx_hal_cortex.o(i.HAL_SYSTICK_Config)
    HAL_UART_Init                            0x08000b11   Thumb Code    98  stm32f1xx_hal_uart.o(i.HAL_UART_Init)
    HAL_UART_MspInit                         0x08000b75   Thumb Code   100  usart.o(i.HAL_UART_MspInit)
    HAL_UART_Transmit                        0x08000be5   Thumb Code   186  stm32f1xx_hal_uart.o(i.HAL_UART_Transmit)
    MX_GPIO_Init                             0x08000ca1   Thumb Code   104  gpio.o(i.MX_GPIO_Init)
    MX_RT_Thread_Init                        0x08000d11   Thumb Code    40  app_rt_thread.o(i.MX_RT_Thread_Init)
    MX_RT_Thread_Process                     0x08000d45   Thumb Code    20  app_rt_thread.o(i.MX_RT_Thread_Process)
    MX_USART1_UART_Init                      0x08000d75   Thumb Code    48  usart.o(i.MX_USART1_UART_Init)
    MemManage_Handler                        0x08000dad   Thumb Code     2  stm32f1xx_it.o(i.MemManage_Handler)
    NMI_Handler                              0x08000daf   Thumb Code     2  stm32f1xx_it.o(i.NMI_Handler)
    SVC_Handler                              0x08000db1   Thumb Code     2  stm32f1xx_it.o(i.SVC_Handler)
    SysTick_Handler                          0x08000db3   Thumb Code    18  board.o(i.SysTick_Handler)
    SystemClock_Config                       0x08000dc5   Thumb Code    78  main.o(i.SystemClock_Config)
    SystemCoreClockUpdate                    0x08000e15   Thumb Code    82  system_stm32f1xx.o(i.SystemCoreClockUpdate)
    SystemInit                               0x08000e7d   Thumb Code    56  system_stm32f1xx.o(i.SystemInit)
    UsageFault_Handler                       0x08000fe1   Thumb Code     2  stm32f1xx_it.o(i.UsageFault_Handler)
    __0printf$bare                           0x08000fe5   Thumb Code     8  printfb.o(i.__0printf$bare)
    __1printf$bare                           0x08000fe5   Thumb Code     0  printfb.o(i.__0printf$bare)
    __2printf                                0x08000fe5   Thumb Code     0  printfb.o(i.__0printf$bare)
    __rt_ffs                                 0x08001015   Thumb Code    62  kservice.o(i.__rt_ffs)
    __scatterload_copy                       0x08001059   Thumb Code    14  handlers.o(i.__scatterload_copy)
    __scatterload_null                       0x08001067   Thumb Code     2  handlers.o(i.__scatterload_null)
    __scatterload_zeroinit                   0x08001069   Thumb Code    14  handlers.o(i.__scatterload_zeroinit)
    cmd_free                                 0x08001249   Thumb Code    10  msh.o(i.cmd_free)
    cmd_ps                                   0x08001253   Thumb Code    10  msh.o(i.cmd_ps)
    finsh_get_prompt                         0x0800125d   Thumb Code    66  shell.o(i.finsh_get_prompt)
    finsh_set_prompt_mode                    0x080012bd   Thumb Code    16  shell.o(i.finsh_set_prompt_mode)
    finsh_system_function_init               0x080012d1   Thumb Code     8  shell.o(i.finsh_system_function_init)
    finsh_system_init                        0x080012dd   Thumb Code    90  shell.o(i.finsh_system_init)
    finsh_thread_entry                       0x08001371   Thumb Code    46  shell.o(i.finsh_thread_entry)
    fputc                                    0x080013a5   Thumb Code    20  usart.o(i.fputc)
    hello                                    0x08001435   Thumb Code    12  cmd.o(i.hello)
    led_task_entry                           0x08001455   Thumb Code    44  app_rt_thread.o(i.led_task_entry)
    list                                     0x08001485   Thumb Code    48  cmd.o(i.list)
    list_mem                                 0x08001565   Thumb Code    32  mem.o(i.list_mem)
    list_sem                                 0x080015d1   Thumb Code   214  cmd.o(i.list_sem)
    list_thread                              0x08001711   Thumb Code   250  cmd.o(i.list_thread)
    list_timer                               0x080018c9   Thumb Code   160  cmd.o(i.list_timer)
    $Super$$main                             0x08001a09   Thumb Code    26  main.o(i.main)
    main_thread_entry                        0x08001a23   Thumb Code    14  components.o(i.main_thread_entry)
    msh_help                                 0x08001b09   Thumb Code    56  msh.o(i.msh_help)
    msh_is_used                              0x08001b75   Thumb Code     4  msh.o(i.msh_is_used)
    rt_application_init                      0x08001d15   Thumb Code    32  components.o(i.rt_application_init)
    rt_calloc                                0x08001d41   Thumb Code    26  mem.o(i.rt_calloc)
    rt_components_board_init                 0x08001d5d   Thumb Code    20  components.o(i.rt_components_board_init)
    rt_components_init                       0x08001d79   Thumb Code    20  components.o(i.rt_components_init)
    rt_enter_critical                        0x08001d95   Thumb Code    22  scheduler.o(i.rt_enter_critical)
    rt_exit_critical                         0x08001db1   Thumb Code    52  scheduler.o(i.rt_exit_critical)
    rt_free                                  0x08001de9   Thumb Code   112  mem.o(i.rt_free)
    rt_heap_begin_get                        0x08001ead   Thumb Code     4  board.o(i.rt_heap_begin_get)
    rt_heap_end_get                          0x08001eb5   Thumb Code     4  board.o(i.rt_heap_end_get)
    rt_hw_board_init                         0x08001ebd   Thumb Code    70  board.o(i.rt_hw_board_init)
    rt_hw_console_output                     0x08001f0d   Thumb Code     2  kservice.o(i.rt_hw_console_output)
    rt_hw_hard_fault_exception               0x08001f11   Thumb Code   186  cpuport.o(i.rt_hw_hard_fault_exception)
    rt_hw_stack_init                         0x0800210d   Thumb Code    52  cpuport.o(i.rt_hw_stack_init)
    rt_interrupt_enter                       0x08002145   Thumb Code    22  irq.o(i.rt_interrupt_enter)
    rt_interrupt_leave                       0x08002161   Thumb Code    22  irq.o(i.rt_interrupt_leave)
    rt_kprintf                               0x0800217d   Thumb Code    28  kservice.o(i.rt_kprintf)
    rt_malloc                                0x0800220d   Thumb Code   232  mem.o(i.rt_malloc)
    rt_memset                                0x080022fd   Thumb Code    70  kservice.o(i.rt_memset)
    rt_object_allocate                       0x08002343   Thumb Code    80  object.o(i.rt_object_allocate)
    rt_object_delete                         0x08002393   Thumb Code    38  object.o(i.rt_object_delete)
    rt_object_detach                         0x080023b9   Thumb Code    32  object.o(i.rt_object_detach)
    rt_object_get_information                0x080023d9   Thumb Code    30  object.o(i.rt_object_get_information)
    rt_object_init                           0x080023fd   Thumb Code    80  object.o(i.rt_object_init)
    rt_object_is_systemobject                0x0800244d   Thumb Code    14  object.o(i.rt_object_is_systemobject)
    rt_schedule                              0x0800245d   Thumb Code    76  scheduler.o(i.rt_schedule)
    rt_schedule_insert_thread                0x080024b5   Thumb Code    70  scheduler.o(i.rt_schedule_insert_thread)
    rt_schedule_remove_thread                0x08002505   Thumb Code    64  scheduler.o(i.rt_schedule_remove_thread)
    rt_sem_init                              0x0800254d   Thumb Code    36  ipc.o(i.rt_sem_init)
    rt_sem_release                           0x08002571   Thumb Code    54  ipc.o(i.rt_sem_release)
    rt_sem_take                              0x080025a7   Thumb Code   174  ipc.o(i.rt_sem_take)
    rt_show_version                          0x08002655   Thumb Code    40  kservice.o(i.rt_show_version)
    rt_strlen                                0x08002705   Thumb Code    16  kservice.o(i.rt_strlen)
    rt_strncpy                               0x08002715   Thumb Code    38  kservice.o(i.rt_strncpy)
    rt_system_heap_init                      0x0800273d   Thumb Code    96  mem.o(i.rt_system_heap_init)
    rt_system_scheduler_init                 0x080027e9   Thumb Code    44  scheduler.o(i.rt_system_scheduler_init)
    rt_system_scheduler_start                0x0800281d   Thumb Code    32  scheduler.o(i.rt_system_scheduler_start)
    rt_system_timer_init                     0x08002845   Thumb Code     8  timer.o(i.rt_system_timer_init)
    rt_system_timer_thread_init              0x08002851   Thumb Code     2  timer.o(i.rt_system_timer_thread_init)
    rt_thread_create                         0x08002853   Thumb Code    72  thread.o(i.rt_thread_create)
    rt_thread_delay                          0x0800289b   Thumb Code     4  thread.o(i.rt_thread_delay)
    rt_thread_exit                           0x080028a1   Thumb Code    78  thread.o(i.rt_thread_exit)
    rt_thread_idle_excute                    0x08002901   Thumb Code   114  idle.o(i.rt_thread_idle_excute)
    rt_thread_idle_init                      0x08002979   Thumb Code    40  idle.o(i.rt_thread_idle_init)
    rt_thread_init                           0x080029b1   Thumb Code    48  thread.o(i.rt_thread_init)
    rt_thread_resume                         0x080029e1   Thumb Code    60  thread.o(i.rt_thread_resume)
    rt_thread_self                           0x08002a1d   Thumb Code     6  thread.o(i.rt_thread_self)
    rt_thread_sleep                          0x08002a29   Thumb Code    60  thread.o(i.rt_thread_sleep)
    rt_thread_startup                        0x08002a69   Thumb Code    40  thread.o(i.rt_thread_startup)
    rt_thread_suspend                        0x08002a95   Thumb Code    66  thread.o(i.rt_thread_suspend)
    rt_thread_timeout                        0x08002ad7   Thumb Code    32  thread.o(i.rt_thread_timeout)
    rt_thread_yield                          0x08002af9   Thumb Code    86  thread.o(i.rt_thread_yield)
    rt_tick_get                              0x08002b59   Thumb Code     6  clock.o(i.rt_tick_get)
    rt_tick_increase                         0x08002b65   Thumb Code    38  clock.o(i.rt_tick_increase)
    rt_timer_check                           0x08002b91   Thumb Code    98  timer.o(i.rt_timer_check)
    rt_timer_control                         0x08002bf9   Thumb Code    48  timer.o(i.rt_timer_control)
    rt_timer_detach                          0x08002c29   Thumb Code    32  timer.o(i.rt_timer_detach)
    rt_timer_init                            0x08002c49   Thumb Code    40  timer.o(i.rt_timer_init)
    rt_timer_start                           0x08002c71   Thumb Code   136  timer.o(i.rt_timer_start)
    rt_timer_stop                            0x08002cfd   Thumb Code    46  timer.o(i.rt_timer_stop)
    rt_vsnprintf                             0x08002d2d   Thumb Code   626  kservice.o(i.rt_vsnprintf)
    rtthread_startup                         0x08002fb9   Thumb Code    42  components.o(i.rtthread_startup)
    version                                  0x080030dd   Thumb Code    10  cmd.o(i.version)
    AHBPrescTable                            0x080030e6   Data          16  system_stm32f1xx.o(.constdata)
    APBPrescTable                            0x080030f6   Data           8  system_stm32f1xx.o(.constdata)
    __fsym_hello_name                        0x080030fe   Data           6  cmd.o(.constdata)
    __fsym_version_name                      0x08003104   Data           8  cmd.o(.constdata)
    __fsym___cmd_version_name                0x0800310c   Data          14  cmd.o(.constdata)
    __fsym_list_thread_name                  0x0800311a   Data          12  cmd.o(.constdata)
    __fsym___cmd_list_thread_name            0x08003126   Data          18  cmd.o(.constdata)
    __fsym_list_sem_name                     0x08003138   Data           9  cmd.o(.constdata)
    __fsym___cmd_list_sem_name               0x08003141   Data          15  cmd.o(.constdata)
    __fsym_list_timer_name                   0x08003150   Data          11  cmd.o(.constdata)
    __fsym___cmd_list_timer_name             0x0800315b   Data          17  cmd.o(.constdata)
    __fsym_list_name                         0x0800316c   Data           5  cmd.o(.constdata)
    __fsym___cmd_help_name                   0x08003171   Data          11  msh.o(.constdata)
    __fsym___cmd_ps_name                     0x0800317c   Data           9  msh.o(.constdata)
    __fsym___cmd_free_name                   0x08003185   Data          11  msh.o(.constdata)
    __lowest_bit_bitmap                      0x08003190   Data         256  kservice.o(.constdata)
    __fsym_list_mem_name                     0x080032b2   Data           9  mem.o(.constdata)
    __rt_init_rti_start                      0x08003300   Data           4  components.o(.rti_fn.0)
    __rt_init_rti_board_start                0x08003304   Data           4  components.o(.rti_fn.0.end)
    __rt_init_rti_board_end                  0x08003308   Data           4  components.o(.rti_fn.1.end)
    __rt_init_finsh_system_init              0x0800330c   Data           4  shell.o(.rti_fn.6)
    __rt_init_rti_end                        0x08003310   Data           4  components.o(.rti_fn.6.end)
    FSymTab$$Base                            0x08003314   Number         0  cmd.o(FSymTab)
    __fsym_hello                             0x08003314   Data           8  cmd.o(FSymTab)
    __fsym_version                           0x0800331c   Data           8  cmd.o(FSymTab)
    __fsym___cmd_version                     0x08003324   Data           8  cmd.o(FSymTab)
    __fsym_list_thread                       0x0800332c   Data           8  cmd.o(FSymTab)
    __fsym___cmd_list_thread                 0x08003334   Data           8  cmd.o(FSymTab)
    __fsym_list_sem                          0x0800333c   Data           8  cmd.o(FSymTab)
    __fsym___cmd_list_sem                    0x08003344   Data           8  cmd.o(FSymTab)
    __fsym_list_timer                        0x0800334c   Data           8  cmd.o(FSymTab)
    __fsym___cmd_list_timer                  0x08003354   Data           8  cmd.o(FSymTab)
    __fsym_list                              0x0800335c   Data           8  cmd.o(FSymTab)
    __fsym___cmd_help                        0x08003364   Data           8  msh.o(FSymTab)
    __fsym___cmd_ps                          0x0800336c   Data           8  msh.o(FSymTab)
    __fsym___cmd_free                        0x08003374   Data           8  msh.o(FSymTab)
    __fsym_list_mem                          0x0800337c   Data           8  mem.o(FSymTab)
    FSymTab$$Limit                           0x08003384   Number         0  mem.o(FSymTab)
    Region$$Table$$Base                      0x08003384   Number         0  anon$$obj.o(Region$$Table)
    Region$$Table$$Limit                     0x080033a4   Number         0  anon$$obj.o(Region$$Table)
    uwTickFreq                               0x20000000   Data           1  stm32f1xx_hal.o(.data)
    uwTickPrio                               0x20000004   Data           4  stm32f1xx_hal.o(.data)
    uwTick                                   0x20000008   Data           4  stm32f1xx_hal.o(.data)
    SystemCoreClock                          0x2000000c   Data           4  system_stm32f1xx.o(.data)
    _syscall_table_begin                     0x20000010   Data           4  shell.o(.data)
    _syscall_table_end                       0x20000014   Data           4  shell.o(.data)
    _sysvar_table_begin                      0x20000018   Data           4  shell.o(.data)
    _sysvar_table_end                        0x2000001c   Data           4  shell.o(.data)
    shell                                    0x20000024   Data           4  shell.o(.data)
    rt_interrupt_nest                        0x2000002c   Data           1  irq.o(.data)
    rt_current_priority                      0x20000078   Data           1  scheduler.o(.data)
    rt_current_thread                        0x2000007c   Data           4  scheduler.o(.data)
    rt_thread_ready_priority_group           0x20000080   Data           4  scheduler.o(.data)
    rt_thread_defunct                        0x20000084   Data           8  scheduler.o(.data)
    rt_interrupt_from_thread                 0x2000009c   Data           4  cpuport.o(.data)
    rt_interrupt_to_thread                   0x200000a0   Data           4  cpuport.o(.data)
    rt_thread_switch_interrupt_flag          0x200000a4   Data           4  cpuport.o(.data)
    __stdout                                 0x200000a8   Data           4  stdout.o(.data)
    huart1                                   0x200000ac   Data          64  usart.o(.bss)
    led_thread                               0x200000ec   Data         120  app_rt_thread.o(.bss)
    rt_led_thread_stack                      0x20000164   Data         128  app_rt_thread.o(.bss)
    rt_thread_priority_table                 0x20001480   Data         256  scheduler.o(.bss)
    __initial_sp                             0x20001980   Data           0  startup_stm32f103xb.o(STACK)



==============================================================================

Memory Map of the image

  Image Entry point : 0x080000ed

  Load Region LR_IROM1 (Base: 0x08000000, Size: 0x00003450, Max: 0x00010000, ABSOLUTE)

    Execution Region ER_IROM1 (Exec base: 0x08000000, Load base: 0x08000000, Size: 0x000033a4, Max: 0x00010000, ABSOLUTE)

    Exec Addr    Load Addr    Size         Type   Attr      Idx    E Section Name        Object

    0x08000000   0x08000000   0x000000ec   Data   RO            3    RESET               startup_stm32f103xb.o
    0x080000ec   0x080000ec   0x00000000   Code   RO         2931  * .ARM.Collect$$$$00000000  mc_w.l(entry.o)
    0x080000ec   0x080000ec   0x00000004   Code   RO         3212    .ARM.Collect$$$$00000001  mc_w.l(entry2.o)
    0x080000f0   0x080000f0   0x00000004   Code   RO         3215    .ARM.Collect$$$$00000004  mc_w.l(entry5.o)
    0x080000f4   0x080000f4   0x00000000   Code   RO         3217    .ARM.Collect$$$$00000008  mc_w.l(entry7b.o)
    0x080000f4   0x080000f4   0x00000000   Code   RO         3219    .ARM.Collect$$$$0000000A  mc_w.l(entry8b.o)
    0x080000f4   0x080000f4   0x00000008   Code   RO         3220    .ARM.Collect$$$$0000000B  mc_w.l(entry9a.o)
    0x080000fc   0x080000fc   0x00000000   Code   RO         3222    .ARM.Collect$$$$0000000D  mc_w.l(entry10a.o)
    0x080000fc   0x080000fc   0x00000000   Code   RO         3224    .ARM.Collect$$$$0000000F  mc_w.l(entry11a.o)
    0x080000fc   0x080000fc   0x00000004   Code   RO         3213    .ARM.Collect$$$$00002712  mc_w.l(entry2.o)
    0x08000100   0x08000100   0x00000024   Code   RO            4    .text               startup_stm32f103xb.o
    0x08000124   0x08000124   0x000000f4   Code   RO         2011    .text               context_rvds.o
    0x08000218   0x08000218   0x00000024   Code   RO         2936    .text               mc_w.l(memcpya.o)
    0x0800023c   0x0800023c   0x00000024   Code   RO         2938    .text               mc_w.l(memseta.o)
    0x08000260   0x08000260   0x00000018   Code   RO         2940    .text               mc_w.l(strcat.o)
    0x08000278   0x08000278   0x00000018   Code   RO         2942    .text               mc_w.l(strncpy.o)
    0x08000290   0x08000290   0x00000012   Code   RO         2946    .text               mc_w.l(strcpy.o)
    0x080002a2   0x080002a2   0x0000001e   Code   RO         2948    .text               mc_w.l(strncmp.o)
    0x080002c0   0x080002c0   0x00000024   Code   RO         3242    .text               mc_w.l(init.o)
    0x080002e4   0x080002e4   0x0000000a   Code   RO         2086    i.$Sub$$main        components.o
    0x080002ee   0x080002ee   0x00000002   Code   RO          211    i.BusFault_Handler  stm32f1xx_it.o
    0x080002f0   0x080002f0   0x00000002   Code   RO          212    i.DebugMon_Handler  stm32f1xx_it.o
    0x080002f2   0x080002f2   0x00000002   Code   RO           13    i.Error_Handler     main.o
    0x080002f4   0x080002f4   0x000001e0   Code   RO          714    i.HAL_GPIO_Init     stm32f1xx_hal_gpio.o
    0x080004d4   0x080004d4   0x0000000a   Code   RO          718    i.HAL_GPIO_WritePin  stm32f1xx_hal_gpio.o
    0x080004de   0x080004de   0x00000002   PAD
    0x080004e0   0x080004e0   0x0000000c   Code   RO          410    i.HAL_GetTick       stm32f1xx_hal.o
    0x080004ec   0x080004ec   0x00000024   Code   RO          417    i.HAL_Init          stm32f1xx_hal.o
    0x08000510   0x08000510   0x00000040   Code   RO          418    i.HAL_InitTick      stm32f1xx_hal.o
    0x08000550   0x08000550   0x0000003c   Code   RO          268    i.HAL_MspInit       stm32f1xx_hal_msp.o
    0x0800058c   0x0800058c   0x00000040   Code   RO          880    i.HAL_NVIC_SetPriority  stm32f1xx_hal_cortex.o
    0x080005cc   0x080005cc   0x00000024   Code   RO          881    i.HAL_NVIC_SetPriorityGrouping  stm32f1xx_hal_cortex.o
    0x080005f0   0x080005f0   0x0000012c   Code   RO          574    i.HAL_RCC_ClockConfig  stm32f1xx_hal_rcc.o
    0x0800071c   0x0800071c   0x00000020   Code   RO          581    i.HAL_RCC_GetPCLK1Freq  stm32f1xx_hal_rcc.o
    0x0800073c   0x0800073c   0x00000020   Code   RO          582    i.HAL_RCC_GetPCLK2Freq  stm32f1xx_hal_rcc.o
    0x0800075c   0x0800075c   0x0000006c   Code   RO          583    i.HAL_RCC_GetSysClockFreq  stm32f1xx_hal_rcc.o
    0x080007c8   0x080007c8   0x00000320   Code   RO          586    i.HAL_RCC_OscConfig  stm32f1xx_hal_rcc.o
    0x08000ae8   0x08000ae8   0x00000028   Code   RO          885    i.HAL_SYSTICK_Config  stm32f1xx_hal_cortex.o
    0x08000b10   0x08000b10   0x00000062   Code   RO         1435    i.HAL_UART_Init     stm32f1xx_hal_uart.o
    0x08000b72   0x08000b72   0x00000002   PAD
    0x08000b74   0x08000b74   0x00000070   Code   RO          160    i.HAL_UART_MspInit  usart.o
    0x08000be4   0x08000be4   0x000000ba   Code   RO         1443    i.HAL_UART_Transmit  stm32f1xx_hal_uart.o
    0x08000c9e   0x08000c9e   0x00000002   PAD
    0x08000ca0   0x08000ca0   0x00000070   Code   RO          135    i.MX_GPIO_Init      gpio.o
    0x08000d10   0x08000d10   0x00000034   Code   RO          292    i.MX_RT_Thread_Init  app_rt_thread.o
    0x08000d44   0x08000d44   0x00000030   Code   RO          293    i.MX_RT_Thread_Process  app_rt_thread.o
    0x08000d74   0x08000d74   0x00000038   Code   RO          161    i.MX_USART1_UART_Init  usart.o
    0x08000dac   0x08000dac   0x00000002   Code   RO          213    i.MemManage_Handler  stm32f1xx_it.o
    0x08000dae   0x08000dae   0x00000002   Code   RO          214    i.NMI_Handler       stm32f1xx_it.o
    0x08000db0   0x08000db0   0x00000002   Code   RO          215    i.SVC_Handler       stm32f1xx_it.o
    0x08000db2   0x08000db2   0x00000012   Code   RO         2015    i.SysTick_Handler   board.o
    0x08000dc4   0x08000dc4   0x0000004e   Code   RO           14    i.SystemClock_Config  main.o
    0x08000e12   0x08000e12   0x00000002   PAD
    0x08000e14   0x08000e14   0x00000068   Code   RO         1736    i.SystemCoreClockUpdate  system_stm32f1xx.o
    0x08000e7c   0x08000e7c   0x00000048   Code   RO         1737    i.SystemInit        system_stm32f1xx.o
    0x08000ec4   0x08000ec4   0x000000b8   Code   RO         1461    i.UART_SetConfig    stm32f1xx_hal_uart.o
    0x08000f7c   0x08000f7c   0x00000064   Code   RO         1463    i.UART_WaitOnFlagUntilTimeout  stm32f1xx_hal_uart.o
    0x08000fe0   0x08000fe0   0x00000002   Code   RO          216    i.UsageFault_Handler  stm32f1xx_it.o
    0x08000fe2   0x08000fe2   0x00000002   PAD
    0x08000fe4   0x08000fe4   0x00000010   Code   RO         2953    i.__0printf$bare    mc_w.l(printfb.o)
    0x08000ff4   0x08000ff4   0x00000020   Code   RO          887    i.__NVIC_SetPriority  stm32f1xx_hal_cortex.o
    0x08001014   0x08001014   0x00000044   Code   RO         2287    i.__rt_ffs          kservice.o
    0x08001058   0x08001058   0x0000000e   Code   RO         3252    i.__scatterload_copy  mc_w.l(handlers.o)
    0x08001066   0x08001066   0x00000002   Code   RO         3253    i.__scatterload_null  mc_w.l(handlers.o)
    0x08001068   0x08001068   0x0000000e   Code   RO         3254    i.__scatterload_zeroinit  mc_w.l(handlers.o)
    0x08001076   0x08001076   0x00000002   PAD
    0x08001078   0x08001078   0x00000014   Code   RO         2153    i._has_defunct_thread  idle.o
    0x0800108c   0x0800108c   0x00000022   Code   RO         2960    i._printf_core      mc_w.l(printfb.o)
    0x080010ae   0x080010ae   0x00000002   PAD
    0x080010b0   0x080010b0   0x00000080   Code   RO         2657    i._rt_thread_init   thread.o
    0x08001130   0x08001130   0x0000001c   Code   RO         2777    i._rt_timer_init    timer.o
    0x0800114c   0x0800114c   0x00000012   Code   RO         2778    i._rt_timer_remove  timer.o
    0x0800115e   0x0800115e   0x00000002   PAD
    0x08001160   0x08001160   0x000000e8   Code   RO         2869    i.bus_fault_track   cpuport.o
    0x08001248   0x08001248   0x0000000a   Code   RO         1954    i.cmd_free          msh.o
    0x08001252   0x08001252   0x0000000a   Code   RO         1955    i.cmd_ps            msh.o
    0x0800125c   0x0800125c   0x00000060   Code   RO         1772    i.finsh_get_prompt  shell.o
    0x080012bc   0x080012bc   0x00000014   Code   RO         1776    i.finsh_set_prompt_mode  shell.o
    0x080012d0   0x080012d0   0x0000000c   Code   RO         1777    i.finsh_system_function_init  shell.o
    0x080012dc   0x080012dc   0x00000094   Code   RO         1778    i.finsh_system_init  shell.o
    0x08001370   0x08001370   0x00000034   Code   RO         1780    i.finsh_thread_entry  shell.o
    0x080013a4   0x080013a4   0x00000018   Code   RO          162    i.fputc             usart.o
    0x080013bc   0x080013bc   0x00000078   Code   RO         2870    i.hard_fault_track  cpuport.o
    0x08001434   0x08001434   0x00000020   Code   RO         1870    i.hello             cmd.o
    0x08001454   0x08001454   0x00000030   Code   RO          294    i.led_task_entry    app_rt_thread.o
    0x08001484   0x08001484   0x00000054   Code   RO         1871    i.list              cmd.o
    0x080014d8   0x080014d8   0x00000024   Code   RO         1872    i.list_find_init    cmd.o
    0x080014fc   0x080014fc   0x00000066   Code   RO         1873    i.list_get_next     cmd.o
    0x08001562   0x08001562   0x00000002   PAD
    0x08001564   0x08001564   0x0000006c   Code   RO         2461    i.list_mem          mem.o
    0x080015d0   0x080015d0   0x00000140   Code   RO         1874    i.list_sem          cmd.o
    0x08001710   0x08001710   0x000001b8   Code   RO         1875    i.list_thread       cmd.o
    0x080018c8   0x080018c8   0x00000140   Code   RO         1876    i.list_timer        cmd.o
    0x08001a08   0x08001a08   0x0000001a   Code   RO           15    i.main              main.o
    0x08001a22   0x08001a22   0x0000000e   Code   RO         2087    i.main_thread_entry  components.o
    0x08001a30   0x08001a30   0x000000d8   Code   RO         2871    i.mem_manage_fault_track  cpuport.o
    0x08001b08   0x08001b08   0x0000006c   Code   RO         1958    i.msh_help          msh.o
    0x08001b74   0x08001b74   0x00000004   Code   RO         1959    i.msh_is_used       msh.o
    0x08001b78   0x08001b78   0x00000018   Code   RO         1877    i.object_split      cmd.o
    0x08001b90   0x08001b90   0x00000054   Code   RO         2462    i.plug_holes        mem.o
    0x08001be4   0x08001be4   0x00000130   Code   RO         2289    i.print_number      kservice.o
    0x08001d14   0x08001d14   0x0000002c   Code   RO         2088    i.rt_application_init  components.o
    0x08001d40   0x08001d40   0x0000001a   Code   RO         2463    i.rt_calloc         mem.o
    0x08001d5a   0x08001d5a   0x00000002   PAD
    0x08001d5c   0x08001d5c   0x0000001c   Code   RO         2089    i.rt_components_board_init  components.o
    0x08001d78   0x08001d78   0x0000001c   Code   RO         2090    i.rt_components_init  components.o
    0x08001d94   0x08001d94   0x0000001c   Code   RO         2596    i.rt_enter_critical  scheduler.o
    0x08001db0   0x08001db0   0x00000038   Code   RO         2597    i.rt_exit_critical  scheduler.o
    0x08001de8   0x08001de8   0x000000c4   Code   RO         2464    i.rt_free           mem.o
    0x08001eac   0x08001eac   0x00000008   Code   RO         2016    i.rt_heap_begin_get  board.o
    0x08001eb4   0x08001eb4   0x00000008   Code   RO         2017    i.rt_heap_end_get   board.o
    0x08001ebc   0x08001ebc   0x00000050   Code   RO         2018    i.rt_hw_board_init  board.o
    0x08001f0c   0x08001f0c   0x00000002   Code   RO         2292    i.rt_hw_console_output  kservice.o
    0x08001f0e   0x08001f0e   0x00000002   PAD
    0x08001f10   0x08001f10   0x000001fc   Code   RO         2875    i.rt_hw_hard_fault_exception  cpuport.o
    0x0800210c   0x0800210c   0x00000038   Code   RO         2876    i.rt_hw_stack_init  cpuport.o
    0x08002144   0x08002144   0x0000001c   Code   RO         2260    i.rt_interrupt_enter  irq.o
    0x08002160   0x08002160   0x0000001c   Code   RO         2262    i.rt_interrupt_leave  irq.o
    0x0800217c   0x0800217c   0x00000020   Code   RO         2293    i.rt_kprintf        kservice.o
    0x0800219c   0x0800219c   0x0000000e   Code   RO         2520    i.rt_list_insert_after  object.o
    0x080021aa   0x080021aa   0x0000000e   Code   RO         2658    i.rt_list_insert_after  thread.o
    0x080021b8   0x080021b8   0x0000000e   Code   RO         2779    i.rt_list_insert_after  timer.o
    0x080021c6   0x080021c6   0x0000000e   Code   RO         2194    i.rt_list_insert_before  ipc.o
    0x080021d4   0x080021d4   0x00000012   Code   RO         1878    i.rt_list_len       cmd.o
    0x080021e6   0x080021e6   0x00000012   Code   RO         2521    i.rt_list_remove    object.o
    0x080021f8   0x080021f8   0x00000012   Code   RO         2659    i.rt_list_remove    thread.o
    0x0800220a   0x0800220a   0x00000002   PAD
    0x0800220c   0x0800220c   0x000000f0   Code   RO         2465    i.rt_malloc         mem.o
    0x080022fc   0x080022fc   0x00000046   Code   RO         2299    i.rt_memset         kservice.o
    0x08002342   0x08002342   0x00000050   Code   RO         2522    i.rt_object_allocate  object.o
    0x08002392   0x08002392   0x00000026   Code   RO         2523    i.rt_object_delete  object.o
    0x080023b8   0x080023b8   0x00000020   Code   RO         2524    i.rt_object_detach  object.o
    0x080023d8   0x080023d8   0x00000024   Code   RO         2526    i.rt_object_get_information  object.o
    0x080023fc   0x080023fc   0x00000050   Code   RO         2528    i.rt_object_init    object.o
    0x0800244c   0x0800244c   0x0000000e   Code   RO         2529    i.rt_object_is_systemobject  object.o
    0x0800245a   0x0800245a   0x00000002   PAD
    0x0800245c   0x0800245c   0x00000058   Code   RO         2598    i.rt_schedule       scheduler.o
    0x080024b4   0x080024b4   0x00000050   Code   RO         2599    i.rt_schedule_insert_thread  scheduler.o
    0x08002504   0x08002504   0x00000048   Code   RO         2600    i.rt_schedule_remove_thread  scheduler.o
    0x0800254c   0x0800254c   0x00000024   Code   RO         2199    i.rt_sem_init       ipc.o
    0x08002570   0x08002570   0x00000036   Code   RO         2200    i.rt_sem_release    ipc.o
    0x080025a6   0x080025a6   0x000000ae   Code   RO         2201    i.rt_sem_take       ipc.o
    0x08002654   0x08002654   0x000000b0   Code   RO         2301    i.rt_show_version   kservice.o
    0x08002704   0x08002704   0x00000010   Code   RO         2307    i.rt_strlen         kservice.o
    0x08002714   0x08002714   0x00000026   Code   RO         2309    i.rt_strncpy        kservice.o
    0x0800273a   0x0800273a   0x00000002   PAD
    0x0800273c   0x0800273c   0x000000ac   Code   RO         2468    i.rt_system_heap_init  mem.o
    0x080027e8   0x080027e8   0x00000034   Code   RO         2601    i.rt_system_scheduler_init  scheduler.o
    0x0800281c   0x0800281c   0x00000028   Code   RO         2602    i.rt_system_scheduler_start  scheduler.o
    0x08002844   0x08002844   0x0000000c   Code   RO         2780    i.rt_system_timer_init  timer.o
    0x08002850   0x08002850   0x00000002   Code   RO         2781    i.rt_system_timer_thread_init  timer.o
    0x08002852   0x08002852   0x00000048   Code   RO         2661    i.rt_thread_create  thread.o
    0x0800289a   0x0800289a   0x00000004   Code   RO         2662    i.rt_thread_delay   thread.o
    0x0800289e   0x0800289e   0x00000002   PAD
    0x080028a0   0x080028a0   0x00000058   Code   RO         2665    i.rt_thread_exit    thread.o
    0x080028f8   0x080028f8   0x00000006   Code   RO         2154    i.rt_thread_idle_entry  idle.o
    0x080028fe   0x080028fe   0x00000002   PAD
    0x08002900   0x08002900   0x00000078   Code   RO         2155    i.rt_thread_idle_excute  idle.o
    0x08002978   0x08002978   0x00000038   Code   RO         2157    i.rt_thread_idle_init  idle.o
    0x080029b0   0x080029b0   0x00000030   Code   RO         2667    i.rt_thread_init    thread.o
    0x080029e0   0x080029e0   0x0000003c   Code   RO         2669    i.rt_thread_resume  thread.o
    0x08002a1c   0x08002a1c   0x0000000c   Code   RO         2670    i.rt_thread_self    thread.o
    0x08002a28   0x08002a28   0x00000040   Code   RO         2671    i.rt_thread_sleep   thread.o
    0x08002a68   0x08002a68   0x0000002c   Code   RO         2672    i.rt_thread_startup  thread.o
    0x08002a94   0x08002a94   0x00000042   Code   RO         2673    i.rt_thread_suspend  thread.o
    0x08002ad6   0x08002ad6   0x00000020   Code   RO         2674    i.rt_thread_timeout  thread.o
    0x08002af6   0x08002af6   0x00000002   PAD
    0x08002af8   0x08002af8   0x00000060   Code   RO         2675    i.rt_thread_yield   thread.o
    0x08002b58   0x08002b58   0x0000000c   Code   RO         2050    i.rt_tick_get       clock.o
    0x08002b64   0x08002b64   0x0000002c   Code   RO         2051    i.rt_tick_increase  clock.o
    0x08002b90   0x08002b90   0x00000068   Code   RO         2782    i.rt_timer_check    timer.o
    0x08002bf8   0x08002bf8   0x00000030   Code   RO         2783    i.rt_timer_control  timer.o
    0x08002c28   0x08002c28   0x00000020   Code   RO         2786    i.rt_timer_detach   timer.o
    0x08002c48   0x08002c48   0x00000028   Code   RO         2787    i.rt_timer_init     timer.o
    0x08002c70   0x08002c70   0x0000008c   Code   RO         2789    i.rt_timer_start    timer.o
    0x08002cfc   0x08002cfc   0x0000002e   Code   RO         2790    i.rt_timer_stop     timer.o
    0x08002d2a   0x08002d2a   0x00000002   PAD
    0x08002d2c   0x08002d2c   0x0000027c   Code   RO         2312    i.rt_vsnprintf      kservice.o
    0x08002fa8   0x08002fa8   0x00000004   Code   RO         2091    i.rti_board_end     components.o
    0x08002fac   0x08002fac   0x00000004   Code   RO         2092    i.rti_board_start   components.o
    0x08002fb0   0x08002fb0   0x00000004   Code   RO         2093    i.rti_end           components.o
    0x08002fb4   0x08002fb4   0x00000004   Code   RO         2094    i.rti_start         components.o
    0x08002fb8   0x08002fb8   0x0000002a   Code   RO         2095    i.rtthread_startup  components.o
    0x08002fe2   0x08002fe2   0x00000028   Code   RO         2314    i.skip_atoi         kservice.o
    0x0800300a   0x0800300a   0x00000002   PAD
    0x0800300c   0x0800300c   0x000000d0   Code   RO         2877    i.usage_fault_track  cpuport.o
    0x080030dc   0x080030dc   0x0000000a   Code   RO         1879    i.version           cmd.o
    0x080030e6   0x080030e6   0x00000010   Data   RO         1738    .constdata          system_stm32f1xx.o
    0x080030f6   0x080030f6   0x00000008   Data   RO         1739    .constdata          system_stm32f1xx.o
    0x080030fe   0x080030fe   0x00000006   Data   RO         1880    .constdata          cmd.o
    0x08003104   0x08003104   0x00000008   Data   RO         1881    .constdata          cmd.o
    0x0800310c   0x0800310c   0x0000000e   Data   RO         1882    .constdata          cmd.o
    0x0800311a   0x0800311a   0x0000000c   Data   RO         1883    .constdata          cmd.o
    0x08003126   0x08003126   0x00000012   Data   RO         1884    .constdata          cmd.o
    0x08003138   0x08003138   0x00000009   Data   RO         1885    .constdata          cmd.o
    0x08003141   0x08003141   0x0000000f   Data   RO         1886    .constdata          cmd.o
    0x08003150   0x08003150   0x0000000b   Data   RO         1887    .constdata          cmd.o
    0x0800315b   0x0800315b   0x00000011   Data   RO         1888    .constdata          cmd.o
    0x0800316c   0x0800316c   0x00000005   Data   RO         1889    .constdata          cmd.o
    0x08003171   0x08003171   0x0000000b   Data   RO         1961    .constdata          msh.o
    0x0800317c   0x0800317c   0x00000009   Data   RO         1962    .constdata          msh.o
    0x08003185   0x08003185   0x0000000b   Data   RO         1963    .constdata          msh.o
    0x08003190   0x08003190   0x00000122   Data   RO         2316    .constdata          kservice.o
    0x080032b2   0x080032b2   0x00000009   Data   RO         2470    .constdata          mem.o
    0x080032bb   0x080032bb   0x00000001   PAD
    0x080032bc   0x080032bc   0x00000044   Data   RO         1890    .conststring        cmd.o
    0x08003300   0x08003300   0x00000004   Data   RO         2096    .rti_fn.0           components.o
    0x08003304   0x08003304   0x00000004   Data   RO         2097    .rti_fn.0.end       components.o
    0x08003308   0x08003308   0x00000004   Data   RO         2098    .rti_fn.1.end       components.o
    0x0800330c   0x0800330c   0x00000004   Data   RO         1783    .rti_fn.6           shell.o
    0x08003310   0x08003310   0x00000004   Data   RO         2099    .rti_fn.6.end       components.o
    0x08003314   0x08003314   0x00000050   Data   RO         1891    FSymTab             cmd.o
    0x08003364   0x08003364   0x00000018   Data   RO         1964    FSymTab             msh.o
    0x0800337c   0x0800337c   0x00000008   Data   RO         2472    FSymTab             mem.o
    0x08003384   0x08003384   0x00000020   Data   RO         3250    Region$$Table       anon$$obj.o


    Execution Region RW_IRAM1 (Exec base: 0x20000000, Load base: 0x080033a4, Size: 0x00001980, Max: 0x00005000, ABSOLUTE)

    Exec Addr    Load Addr    Size         Type   Attr      Idx    E Section Name        Object

    0x20000000   0x080033a4   0x0000000c   Data   RW          424    .data               stm32f1xx_hal.o
    0x2000000c   0x080033b0   0x00000004   Data   RW         1740    .data               system_stm32f1xx.o
    0x20000010   0x080033b4   0x00000018   Data   RW         1782    .data               shell.o
    0x20000028   0x080033cc   0x00000004   Data   RW         2053    .data               clock.o
    0x2000002c   0x080033d0   0x00000001   Data   RW         2263    .data               irq.o
    0x2000002d   0x080033d1   0x00000003   PAD
    0x20000030   0x080033d4   0x00000018   Data   RW         2471    .data               mem.o
    0x20000048   0x080033ec   0x00000030   Data   RW         2531    .data               object.o
    0x20000078   0x0800341c   0x00000014   Data   RW         2604    .data               scheduler.o
    0x2000008c   0x08003430   0x0000000c   Data   RW         2791    .data               timer.o
    0x20000098   0x0800343c   0x00000004   Data   RW         2878    .data               cpuport.o
    0x2000009c   0x08003440   0x00000004   Data   RW         2879    .data               cpuport.o
    0x200000a0   0x08003444   0x00000004   Data   RW         2880    .data               cpuport.o
    0x200000a4   0x08003448   0x00000004   Data   RW         2881    .data               cpuport.o
    0x200000a8   0x0800344c   0x00000004   Data   RW         3226    .data               mc_w.l(stdout.o)
    0x200000ac        -       0x00000040   Zero   RW          163    .bss                usart.o
    0x200000ec        -       0x000000f8   Zero   RW          295    .bss                app_rt_thread.o
    0x200001e4        -       0x00000081   Zero   RW         1781    .bss                shell.o
    0x20000265   0x08003450   0x00000003   PAD
    0x20000268        -       0x00001000   Zero   RW         2019    .bss                board.o
    0x20001268        -       0x00000178   Zero   RW         2158    .bss                idle.o
    0x200013e0        -       0x00000080   Zero   RW         2315    .bss                kservice.o
    0x20001460        -       0x00000020   Zero   RW         2469    .bss                mem.o
    0x20001480        -       0x00000100   Zero   RW         2603    .bss                scheduler.o
    0x20001580        -       0x00000400   Zero   RW            1    STACK               startup_stm32f103xb.o


==============================================================================

Image component sizes


      Code (inc. data)   RO Data    RW Data    ZI Data      Debug   Object Name

       148         44          0          0        248       8843   app_rt_thread.o
       114         18          0          0       4096       3365   board.o
        56         12          0          4          0       1357   clock.o
      1386        518        263          0          0      13053   cmd.o
       182         28         16          0          0       6478   components.o
       244         26          0          0          0        852   context_rvds.o
      1340        718          0         16          0       6082   cpuport.o
       112          8          0          0          0        875   gpio.o
       202         26          0          0        376       5978   idle.o
       278          0          0          0          0       6669   ipc.o
        56         12          0          1          0       1830   irq.o
      1382        160        290          0        128      11355   kservice.o
       106          0          0          0          0     393572   main.o
       826        248         17         24         32       5678   mem.o
       132         52         55          0          0       4070   msh.o
       312          6          0         48          0       8948   object.o
       416         56          0         20        256       8754   scheduler.o
       328        102          4         24        129       9880   shell.o
        36          8        236          0       1024        796   startup_stm32f103xb.o
       112         20          0         12          0       4775   stm32f1xx_hal.o
       172         14          0          0          0      28250   stm32f1xx_hal_cortex.o
       490         34          0          0          0       2868   stm32f1xx_hal_gpio.o
        60          8          0          0          0        834   stm32f1xx_hal_msp.o
      1272        100          0          0          0       5156   stm32f1xx_hal_rcc.o
       568          6          0          0          0       3896   stm32f1xx_hal_uart.o
        12          0          0          0          0       2487   stm32f1xx_it.o
       176         38         24          4          0       1755   system_stm32f1xx.o
       746         44          0          0          0      12792   thread.o
       484         14          0         12          0      11064   timer.o
       192         24          0          0         64       3402   usart.o

    ----------------------------------------------------------------------
     11974       2344        938        168       6356     575714   Object Totals
         0          0         32          0          0          0   (incl. Generated)
        34          0          1          3          3          0   (incl. Padding)

    ----------------------------------------------------------------------

      Code (inc. data)   RO Data    RW Data    ZI Data      Debug   Library Member Name

         0          0          0          0          0          0   entry.o
         0          0          0          0          0          0   entry10a.o
         0          0          0          0          0          0   entry11a.o
         8          4          0          0          0          0   entry2.o
         4          0          0          0          0          0   entry5.o
         0          0          0          0          0          0   entry7b.o
         0          0          0          0          0          0   entry8b.o
         8          4          0          0          0          0   entry9a.o
        30          0          0          0          0          0   handlers.o
        36          8          0          0          0         68   init.o
        36          0          0          0          0         68   memcpya.o
        36          0          0          0          0        108   memseta.o
        50          8          0          0          0        152   printfb.o
         0          0          0          4          0          0   stdout.o
        24          0          0          0          0         68   strcat.o
        18          0          0          0          0         68   strcpy.o
        30          0          0          0          0         80   strncmp.o
        24          0          0          0          0         76   strncpy.o

    ----------------------------------------------------------------------
       308         24          0          4          0        688   Library Totals
         4          0          0          0          0          0   (incl. Padding)

    ----------------------------------------------------------------------

      Code (inc. data)   RO Data    RW Data    ZI Data      Debug   Library Name

       304         24          0          4          0        688   mc_w.l

    ----------------------------------------------------------------------
       308         24          0          4          0        688   Library Totals

    ----------------------------------------------------------------------

==============================================================================


      Code (inc. data)   RO Data    RW Data    ZI Data      Debug   

     12282       2368        938        172       6356     568910   Grand Totals
     12282       2368        938        172       6356     568910   ELF Image Totals
     12282       2368        938        172          0          0   ROM Totals

==============================================================================

    Total RO  Size (Code + RO Data)                13220 (  12.91kB)
    Total RW  Size (RW Data + ZI Data)              6528 (   6.38kB)
    Total ROM Size (Code + RO Data + RW Data)      13392 (  13.08kB)

==============================================================================

